Archive member included to satisfy reference by file (symbol)

e:/stm32_clion_toolchain/gcc-arm-none-eabi-10.3-2021.10-win32/gcc-arm-none-eabi-10.3-2021.10/bin/../lib/gcc/arm-none-eabi/10.3.1/thumb/v7e-m+fp/hard\libgcc.a(_aeabi_uldivmod.o)
                              CMakeFiles/SDcard.elf.dir/Drivers/STM32F4xx_HAL_Driver/Src/stm32f4xx_hal_rcc.c.obj (__aeabi_uldivmod)
e:/stm32_clion_toolchain/gcc-arm-none-eabi-10.3-2021.10-win32/gcc-arm-none-eabi-10.3-2021.10/bin/../lib/gcc/arm-none-eabi/10.3.1/thumb/v7e-m+fp/hard\libgcc.a(_udivmoddi4.o)
                              e:/stm32_clion_toolchain/gcc-arm-none-eabi-10.3-2021.10-win32/gcc-arm-none-eabi-10.3-2021.10/bin/../lib/gcc/arm-none-eabi/10.3.1/thumb/v7e-m+fp/hard\libgcc.a(_aeabi_uldivmod.o) (__udivmoddi4)
e:/stm32_clion_toolchain/gcc-arm-none-eabi-10.3-2021.10-win32/gcc-arm-none-eabi-10.3-2021.10/bin/../lib/gcc/arm-none-eabi/10.3.1/thumb/v7e-m+fp/hard\libgcc.a(unwind-arm.o)
                              CMakeFiles/SDcard.elf.dir/User/SDIO/file_opera.cpp.obj (__aeabi_unwind_cpp_pr0)
e:/stm32_clion_toolchain/gcc-arm-none-eabi-10.3-2021.10-win32/gcc-arm-none-eabi-10.3-2021.10/bin/../lib/gcc/arm-none-eabi/10.3.1/thumb/v7e-m+fp/hard\libgcc.a(libunwind.o)
                              e:/stm32_clion_toolchain/gcc-arm-none-eabi-10.3-2021.10-win32/gcc-arm-none-eabi-10.3-2021.10/bin/../lib/gcc/arm-none-eabi/10.3.1/thumb/v7e-m+fp/hard\libgcc.a(unwind-arm.o) (restore_core_regs)
e:/stm32_clion_toolchain/gcc-arm-none-eabi-10.3-2021.10-win32/gcc-arm-none-eabi-10.3-2021.10/bin/../lib/gcc/arm-none-eabi/10.3.1/thumb/v7e-m+fp/hard\libgcc.a(pr-support.o)
                              e:/stm32_clion_toolchain/gcc-arm-none-eabi-10.3-2021.10-win32/gcc-arm-none-eabi-10.3-2021.10/bin/../lib/gcc/arm-none-eabi/10.3.1/thumb/v7e-m+fp/hard\libgcc.a(unwind-arm.o) (__gnu_unwind_execute)
e:/stm32_clion_toolchain/gcc-arm-none-eabi-10.3-2021.10-win32/gcc-arm-none-eabi-10.3-2021.10/bin/../lib/gcc/arm-none-eabi/10.3.1/thumb/v7e-m+fp/hard\libgcc.a(_dvmd_tls.o)
                              e:/stm32_clion_toolchain/gcc-arm-none-eabi-10.3-2021.10-win32/gcc-arm-none-eabi-10.3-2021.10/bin/../lib/gcc/arm-none-eabi/10.3.1/thumb/v7e-m+fp/hard\libgcc.a(_aeabi_uldivmod.o) (__aeabi_ldiv0)
e:/stm32_clion_toolchain/gcc-arm-none-eabi-10.3-2021.10-win32/gcc-arm-none-eabi-10.3-2021.10/bin/../lib/gcc/arm-none-eabi/10.3.1/../../../../arm-none-eabi/lib/thumb/v7e-m+fp/hard\libg.a(lib_a-abort.o)
                              e:/stm32_clion_toolchain/gcc-arm-none-eabi-10.3-2021.10-win32/gcc-arm-none-eabi-10.3-2021.10/bin/../lib/gcc/arm-none-eabi/10.3.1/thumb/v7e-m+fp/hard\libgcc.a(unwind-arm.o) (abort)
e:/stm32_clion_toolchain/gcc-arm-none-eabi-10.3-2021.10-win32/gcc-arm-none-eabi-10.3-2021.10/bin/../lib/gcc/arm-none-eabi/10.3.1/../../../../arm-none-eabi/lib/thumb/v7e-m+fp/hard\libg.a(lib_a-errno.o)
                              CMakeFiles/SDcard.elf.dir/Core/Src/syscalls.c.obj (__errno)
e:/stm32_clion_toolchain/gcc-arm-none-eabi-10.3-2021.10-win32/gcc-arm-none-eabi-10.3-2021.10/bin/../lib/gcc/arm-none-eabi/10.3.1/../../../../arm-none-eabi/lib/thumb/v7e-m+fp/hard\libg.a(lib_a-exit.o)
                              e:/stm32_clion_toolchain/gcc-arm-none-eabi-10.3-2021.10-win32/gcc-arm-none-eabi-10.3-2021.10/bin/../lib/gcc/arm-none-eabi/10.3.1/../../../../arm-none-eabi/lib/thumb/v7e-m+fp/hard/crt0.o (exit)
e:/stm32_clion_toolchain/gcc-arm-none-eabi-10.3-2021.10-win32/gcc-arm-none-eabi-10.3-2021.10/bin/../lib/gcc/arm-none-eabi/10.3.1/../../../../arm-none-eabi/lib/thumb/v7e-m+fp/hard\libg.a(lib_a-impure.o)
                              e:/stm32_clion_toolchain/gcc-arm-none-eabi-10.3-2021.10-win32/gcc-arm-none-eabi-10.3-2021.10/bin/../lib/gcc/arm-none-eabi/10.3.1/../../../../arm-none-eabi/lib/thumb/v7e-m+fp/hard\libg.a(lib_a-exit.o) (_global_impure_ptr)
e:/stm32_clion_toolchain/gcc-arm-none-eabi-10.3-2021.10-win32/gcc-arm-none-eabi-10.3-2021.10/bin/../lib/gcc/arm-none-eabi/10.3.1/../../../../arm-none-eabi/lib/thumb/v7e-m+fp/hard\libg.a(lib_a-init.o)
                              e:/stm32_clion_toolchain/gcc-arm-none-eabi-10.3-2021.10-win32/gcc-arm-none-eabi-10.3-2021.10/bin/../lib/gcc/arm-none-eabi/10.3.1/../../../../arm-none-eabi/lib/thumb/v7e-m+fp/hard/crt0.o (__libc_init_array)
e:/stm32_clion_toolchain/gcc-arm-none-eabi-10.3-2021.10-win32/gcc-arm-none-eabi-10.3-2021.10/bin/../lib/gcc/arm-none-eabi/10.3.1/../../../../arm-none-eabi/lib/thumb/v7e-m+fp/hard\libg.a(lib_a-memcpy.o)
                              CMakeFiles/SDcard.elf.dir/Middlewares/Third_Party/FreeRTOS/Source/queue.c.obj (memcpy)
e:/stm32_clion_toolchain/gcc-arm-none-eabi-10.3-2021.10-win32/gcc-arm-none-eabi-10.3-2021.10/bin/../lib/gcc/arm-none-eabi/10.3.1/../../../../arm-none-eabi/lib/thumb/v7e-m+fp/hard\libg.a(lib_a-memset.o)
                              e:/stm32_clion_toolchain/gcc-arm-none-eabi-10.3-2021.10-win32/gcc-arm-none-eabi-10.3-2021.10/bin/../lib/gcc/arm-none-eabi/10.3.1/../../../../arm-none-eabi/lib/thumb/v7e-m+fp/hard/crt0.o (memset)
[...]
Memory Configuration

Name             Origin             Length             Attributes
CCMRAM           0x10000000         0x00010000         xrw
RAM              0x20000000         0x00020000         xrw
FLASH            0x08000000         0x00100000         xr
*default*        0x00000000         0xffffffff

Linker script and memory map

LOAD e:/stm32_clion_toolchain/gcc-arm-none-eabi-10.3-2021.10-win32/gcc-arm-none-eabi-10.3-2021.10/bin/../lib/gcc/arm-none-eabi/10.3.1/thumb/v7e-m+fp/hard/crti.o
LOAD e:/stm32_clion_toolchain/gcc-arm-none-eabi-10.3-2021.10-win32/gcc-arm-none-eabi-10.3-2021.10/bin/../lib/gcc/arm-none-eabi/10.3.1/thumb/v7e-m+fp/hard/crtbegin.o
LOAD e:/stm32_clion_toolchain/gcc-arm-none-eabi-10.3-2021.10-win32/gcc-arm-none-eabi-10.3-2021.10/bin/../lib/gcc/arm-none-eabi/10.3.1/../../../../arm-none-eabi/lib/thumb/v7e-m+fp/hard/crt0.o
LOAD CMakeFiles/SDcard.elf.dir/Core/Src/dma.c.obj
LOAD CMakeFiles/SDcard.elf.dir/Core/Src/freertos.c.obj
LOAD CMakeFiles/SDcard.elf.dir/Core/Src/gpio.c.obj
LOAD CMakeFiles/SDcard.elf.dir/Core/Src/main.c.obj
LOAD CMakeFiles/SDcard.elf.dir/Core/Src/rtc.c.obj
LOAD CMakeFiles/SDcard.elf.dir/Core/Src/sdio.c.obj
LOAD CMakeFiles/SDcard.elf.dir/Core/Src/stm32f4xx_hal_msp.c.obj
LOAD CMakeFiles/SDcard.elf.dir/Core/Src/stm32f4xx_it.c.obj
LOAD CMakeFiles/SDcard.elf.dir/Core/Src/syscalls.c.obj
LOAD CMakeFiles/SDcard.elf.dir/Core/Src/sysmem.c.obj
LOAD CMakeFiles/SDcard.elf.dir/Core/Src/system_stm32f4xx.c.obj
LOAD CMakeFiles/SDcard.elf.dir/Core/Src/usart.c.obj
LOAD CMakeFiles/SDcard.elf.dir/Core/Startup/startup_stm32f405rgtx.s.obj
LOAD CMakeFiles/SDcard.elf.dir/Drivers/STM32F4xx_HAL_Driver/Src/stm32f4xx_hal.c.obj
LOAD CMakeFiles/SDcard.elf.dir/Drivers/STM32F4xx_HAL_Driver/Src/stm32f4xx_hal_cortex.c.obj
LOAD CMakeFiles/SDcard.elf.dir/Drivers/STM32F4xx_HAL_Driver/Src/stm32f4xx_hal_dma.c.obj
LOAD CMakeFiles/SDcard.elf.dir/Drivers/STM32F4xx_HAL_Driver/Src/stm32f4xx_hal_dma_ex.c.obj
LOAD CMakeFiles/SDcard.elf.dir/Drivers/STM32F4xx_HAL_Driver/Src/stm32f4xx_hal_exti.c.obj
LOAD CMakeFiles/SDcard.elf.dir/Drivers/STM32F4xx_HAL_Driver/Src/stm32f4xx_hal_flash.c.obj
LOAD CMakeFiles/SDcard.elf.dir/Drivers/STM32F4xx_HAL_Driver/Src/stm32f4xx_hal_flash_ex.c.obj
LOAD CMakeFiles/SDcard.elf.dir/Drivers/STM32F4xx_HAL_Driver/Src/stm32f4xx_hal_flash_ramfunc.c.obj
LOAD CMakeFiles/SDcard.elf.dir/Drivers/STM32F4xx_HAL_Driver/Src/stm32f4xx_hal_gpio.c.obj
LOAD CMakeFiles/SDcard.elf.dir/Drivers/STM32F4xx_HAL_Driver/Src/stm32f4xx_hal_pwr.c.obj
LOAD CMakeFiles/SDcard.elf.dir/Drivers/STM32F4xx_HAL_Driver/Src/stm32f4xx_hal_pwr_ex.c.obj
LOAD CMakeFiles/SDcard.elf.dir/Drivers/STM32F4xx_HAL_Driver/Src/stm32f4xx_hal_rcc.c.obj
LOAD CMakeFiles/SDcard.elf.dir/Drivers/STM32F4xx_HAL_Driver/Src/stm32f4xx_hal_rcc_ex.c.obj
LOAD CMakeFiles/SDcard.elf.dir/Drivers/STM32F4xx_HAL_Driver/Src/stm32f4xx_hal_rtc.c.obj
LOAD CMakeFiles/SDcard.elf.dir/Drivers/STM32F4xx_HAL_Driver/Src/stm32f4xx_hal_rtc_ex.c.obj
LOAD CMakeFiles/SDcard.elf.dir/Drivers/STM32F4xx_HAL_Driver/Src/stm32f4xx_hal_sd.c.obj
LOAD CMakeFiles/SDcard.elf.dir/Drivers/STM32F4xx_HAL_Driver/Src/stm32f4xx_hal_tim.c.obj
LOAD CMakeFiles/SDcard.elf.dir/Drivers/STM32F4xx_HAL_Driver/Src/stm32f4xx_hal_tim_ex.c.obj
LOAD CMakeFiles/SDcard.elf.dir/Drivers/STM32F4xx_HAL_Driver/Src/stm32f4xx_hal_uart.c.obj
LOAD CMakeFiles/SDcard.elf.dir/Drivers/STM32F4xx_HAL_Driver/Src/stm32f4xx_ll_sdmmc.c.obj
LOAD CMakeFiles/SDcard.elf.dir/FATFS/App/fatfs.c.obj
LOAD CMakeFiles/SDcard.elf.dir/FATFS/Target/bsp_driver_sd.c.obj
LOAD CMakeFiles/SDcard.elf.dir/FATFS/Target/fatfs_platform.c.obj
LOAD CMakeFiles/SDcard.elf.dir/FATFS/Target/sd_diskio.c.obj
LOAD CMakeFiles/SDcard.elf.dir/Middlewares/Third_Party/FatFs/src/diskio.c.obj
LOAD CMakeFiles/SDcard.elf.dir/Middlewares/Third_Party/FatFs/src/ff.c.obj
LOAD CMakeFiles/SDcard.elf.dir/Middlewares/Third_Party/FatFs/src/ff_gen_drv.c.obj
LOAD CMakeFiles/SDcard.elf.dir/Middlewares/Third_Party/FatFs/src/option/syscall.c.obj
LOAD CMakeFiles/SDcard.elf.dir/Middlewares/Third_Party/FreeRTOS/Source/CMSIS_RTOS/cmsis_os.c.obj
LOAD CMakeFiles/SDcard.elf.dir/Middlewares/Third_Party/FreeRTOS/Source/croutine.c.obj
LOAD CMakeFiles/SDcard.elf.dir/Middlewares/Third_Party/FreeRTOS/Source/event_groups.c.obj
LOAD CMakeFiles/SDcard.elf.dir/Middlewares/Third_Party/FreeRTOS/Source/list.c.obj
LOAD CMakeFiles/SDcard.elf.dir/Middlewares/Third_Party/FreeRTOS/Source/portable/GCC/ARM_CM4F/port.c.obj
LOAD CMakeFiles/SDcard.elf.dir/Middlewares/Third_Party/FreeRTOS/Source/portable/MemMang/heap_4.c.obj
LOAD CMakeFiles/SDcard.elf.dir/Middlewares/Third_Party/FreeRTOS/Source/queue.c.obj
LOAD CMakeFiles/SDcard.elf.dir/Middlewares/Third_Party/FreeRTOS/Source/stream_buffer.c.obj
LOAD CMakeFiles/SDcard.elf.dir/Middlewares/Third_Party/FreeRTOS/Source/tasks.c.obj
LOAD CMakeFiles/SDcard.elf.dir/Middlewares/Third_Party/FreeRTOS/Source/timers.c.obj
LOAD CMakeFiles/SDcard.elf.dir/User/SDIO/file_opera.cpp.obj
LOAD CMakeFiles/SDcard.elf.dir/User/SDIO/sd_io.cpp.obj
LOAD CMakeFiles/SDcard.elf.dir/User/TASK/sd_write.cpp.obj
LOAD CMakeFiles/SDcard.elf.dir/User/main.cpp.obj
LOAD e:/stm32_clion_toolchain/gcc-arm-none-eabi-10.3-2021.10-win32/gcc-arm-none-eabi-10.3-2021.10/bin/../lib/gcc/arm-none-eabi/10.3.1/../../../../arm-none-eabi/lib/thumb/v7e-m+fp/hard\libstdc++.a
LOAD e:/stm32_clion_toolchain/gcc-arm-none-eabi-10.3-2021.10-win32/gcc-arm-none-eabi-10.3-2021.10/bin/../lib/gcc/arm-none-eabi/10.3.1/../../../../arm-none-eabi/lib/thumb/v7e-m+fp/hard\libm.a
START GROUP
LOAD e:/stm32_clion_toolchain/gcc-arm-none-eabi-10.3-2021.10-win32/gcc-arm-none-eabi-10.3-2021.10/bin/../lib/gcc/arm-none-eabi/10.3.1/thumb/v7e-m+fp/hard\libgcc.a
LOAD e:/stm32_clion_toolchain/gcc-arm-none-eabi-10.3-2021.10-win32/gcc-arm-none-eabi-10.3-2021.10/bin/../lib/gcc/arm-none-eabi/10.3.1/../../../../arm-none-eabi/lib/thumb/v7e-m+fp/hard\libg.a
LOAD e:/stm32_clion_toolchain/gcc-arm-none-eabi-10.3-2021.10-win32/gcc-arm-none-eabi-10.3-2021.10/bin/../lib/gcc/arm-none-eabi/10.3.1/../../../../arm-none-eabi/lib/thumb/v7e-m+fp/hard\libc.a
END GROUP
LOAD e:/stm32_clion_toolchain/gcc-arm-none-eabi-10.3-2021.10-win32/gcc-arm-none-eabi-10.3-2021.10/bin/../lib/gcc/arm-none-eabi/10.3.1/thumb/v7e-m+fp/hard/crtend.o
LOAD e:/stm32_clion_toolchain/gcc-arm-none-eabi-10.3-2021.10-win32/gcc-arm-none-eabi-10.3-2021.10/bin/../lib/gcc/arm-none-eabi/10.3.1/thumb/v7e-m+fp/hard/crtn.o
                0x20020000                _estack = (ORIGIN (RAM) + LENGTH (RAM))
                0x00000800                _Min_Heap_Size = 0x800
                0x00000800                _Min_Stack_Size = 0x800

.isr_vector     0x08000000      0x188
                0x08000000                . = ALIGN (0x4)
 *(.isr_vector)
 .isr_vector    0x08000000      0x188 CMakeFiles/SDcard.elf.dir/Core/Startup/startup_stm32f405rgtx.s.obj
                0x08000000                g_pfnVectors
                0x08000188                . = ALIGN (0x4)

.text           0x080001c0     0xf520
                0x080001c0                . = ALIGN (0x4)
 *(.text)
 .text          0x080001c0       0x40 e:/stm32_clion_toolchain/gcc-arm-none-eabi-10.3-2021.10-win32/gcc-arm-none-eabi-10.3-2021.10/bin/../lib/gcc/arm-none-eabi/10.3.1/thumb/v7e-m+fp/hard/crtbegin.o
 .text          0x08000200       0x30 e:/stm32_clion_toolchain/gcc-arm-none-eabi-10.3-2021.10-win32/gcc-arm-none-eabi-10.3-2021.10/bin/../lib/gcc/arm-none-eabi/10.3.1/thumb/v7e-m+fp/hard\libgcc.a(_aeabi_uldivmod.o)
                0x08000200                __aeabi_uldivmod
 .text          0x08000230      0x2d0 e:/stm32_clion_toolchain/gcc-arm-none-eabi-10.3-2021.10-win32/gcc-arm-none-eabi-10.3-2021.10/bin/../lib/gcc/arm-none-eabi/10.3.1/thumb/v7e-m+fp/hard\libgcc.a(_udivmoddi4.o)
                0x08000230                __udivmoddi4
 .text          0x08000500      0x9d8 e:/stm32_clion_toolchain/gcc-arm-none-eabi-10.3-2021.10-win32/gcc-arm-none-eabi-10.3-2021.10/bin/../lib/gcc/arm-none-eabi/10.3.1/thumb/v7e-m+fp/hard\libgcc.a(unwind-arm.o)
                0x080007a8                _Unwind_GetCFA
                0x080007ac                __gnu_Unwind_RaiseException
                0x08000814                __gnu_Unwind_ForcedUnwind
                0x08000824                __gnu_Unwind_Resume
                0x08000868                __gnu_Unwind_Resume_or_Rethrow
                0x08000878                _Unwind_Complete
                0x0800087c                _Unwind_DeleteException
                0x08000888                _Unwind_VRS_Get
                0x080008d4                _Unwind_VRS_Set
                0x0800091c                __gnu_Unwind_Backtrace
                0x08000c48                __aeabi_unwind_cpp_pr0
                0x08000c4c                __aeabi_unwind_cpp_pr1
                0x08000c50                __aeabi_unwind_cpp_pr2
                0x08000c54                _Unwind_VRS_Pop
 .text          0x08000ed8      0x1ac e:/stm32_clion_toolchain/gcc-arm-none-eabi-10.3-2021.10-win32/gcc-arm-none-eabi-10.3-2021.10/bin/../lib/gcc/arm-none-eabi/10.3.1/thumb/v7e-m+fp/hard\libgcc.a(libunwind.o)
                0x08000ed8                __restore_core_regs
                0x08000ed8                restore_core_regs
                0x08000ef0                __gnu_Unwind_Restore_VFP
                0x08000ef8                __gnu_Unwind_Save_VFP
                0x08000f00                __gnu_Unwind_Restore_VFP_D
                0x08000f08                __gnu_Unwind_Save_VFP_D
                0x08000f10                __gnu_Unwind_Restore_VFP_D_16_to_31
                0x08000f18                __gnu_Unwind_Save_VFP_D_16_to_31
                0x08000f20                __gnu_Unwind_Restore_WMMXD
                0x08000f64                __gnu_Unwind_Save_WMMXD
                0x08000fa8                __gnu_Unwind_Restore_WMMXC
                0x08000fbc                __gnu_Unwind_Save_WMMXC
                0x08000fd0                ___Unwind_RaiseException
                0x08000fd0                _Unwind_RaiseException
                0x08000ff4                _Unwind_Resume
                0x08000ff4                ___Unwind_Resume
                0x08001018                _Unwind_Resume_or_Rethrow
                0x08001018                ___Unwind_Resume_or_Rethrow
                0x0800103c                _Unwind_ForcedUnwind
                0x0800103c                ___Unwind_ForcedUnwind
                0x08001060                ___Unwind_Backtrace
                0x08001060                _Unwind_Backtrace
 .text          0x08001084      0x350 e:/stm32_clion_toolchain/gcc-arm-none-eabi-10.3-2021.10-win32/gcc-arm-none-eabi-10.3-2021.10/bin/../lib/gcc/arm-none-eabi/10.3.1/thumb/v7e-m+fp/hard\libgcc.a(pr-support.o)
                0x080010dc                __gnu_unwind_execute
                0x08001388                __gnu_unwind_frame
                0x080013b4                _Unwind_GetRegionStart
                0x080013c0                _Unwind_GetLanguageSpecificData
 .text          0x080013d4        0x4 e:/stm32_clion_toolchain/gcc-arm-none-eabi-10.3-2021.10-win32/gcc-arm-none-eabi-10.3-2021.10/bin/../lib/gcc/arm-none-eabi/10.3.1/thumb/v7e-m+fp/hard\libgcc.a(_dvmd_tls.o)
                0x080013d4                __aeabi_idiv0
                0x080013d4                __aeabi_ldiv0
 .text          0x080013d8      0x134 e:/stm32_clion_toolchain/gcc-arm-none-eabi-10.3-2021.10-win32/gcc-arm-none-eabi-10.3-2021.10/bin/../lib/gcc/arm-none-eabi/10.3.1/../../../../arm-none-eabi/lib/thumb/v7e-m+fp/hard\libg.a(lib_a-memcpy.o)
                0x080013d8                memcpy
 *fill*         0x0800150c        0x4 
 .text          0x08001510       0xa0 e:/stm32_clion_toolchain/gcc-arm-none-eabi-10.3-2021.10-win32/gcc-arm-none-eabi-10.3-2021.10/bin/../lib/gcc/arm-none-eabi/10.3.1/../../../../arm-none-eabi/lib/thumb/v7e-m+fp/hard\libg.a(lib_a-memchr.o)
                0x08001510                memchr
 *fill*         0x080015b0       0x10 
 .text          0x080015c0       0xdc e:/stm32_clion_toolchain/gcc-arm-none-eabi-10.3-2021.10-win32/gcc-arm-none-eabi-10.3-2021.10/bin/../lib/gcc/arm-none-eabi/10.3.1/../../../../arm-none-eabi/lib/thumb/v7e-m+fp/hard\libg.a(lib_a-strlen.o)
                0x080015c0                strlen
 .text          0x0800169c      0x378 e:/stm32_clion_toolchain/gcc-arm-none-eabi-10.3-2021.10-win32/gcc-arm-none-eabi-10.3-2021.10/bin/../lib/gcc/arm-none-eabi/10.3.1/thumb/v7e-m+fp/hard\libgcc.a(_arm_addsubdf3.o)
                0x0800169c                __aeabi_drsub
                0x080016a4                __aeabi_dsub
                0x080016a4                __subdf3
                0x080016a8                __aeabi_dadd
                0x080016a8                __adddf3
                0x08001920                __floatunsidf
                0x08001920                __aeabi_ui2d
                0x08001940                __floatsidf
                0x08001940                __aeabi_i2d
                0x08001964                __aeabi_f2d
                0x08001964                __extendsfdf2
                0x080019a8                __floatundidf
                0x080019a8                __aeabi_ul2d
                0x080019b8                __floatdidf
                0x080019b8                __aeabi_l2d
 .text          0x08001a14      0x424 e:/stm32_clion_toolchain/gcc-arm-none-eabi-10.3-2021.10-win32/gcc-arm-none-eabi-10.3-2021.10/bin/../lib/gcc/arm-none-eabi/10.3.1/thumb/v7e-m+fp/hard\libgcc.a(_arm_muldivdf3.o)
                0x08001a14                __aeabi_dmul
                0x08001a14                __muldf3
                0x08001c68                __divdf3
                0x08001c68                __aeabi_ddiv
 .text          0x08001e38      0x110 e:/stm32_clion_toolchain/gcc-arm-none-eabi-10.3-2021.10-win32/gcc-arm-none-eabi-10.3-2021.10/bin/../lib/gcc/arm-none-eabi/10.3.1/thumb/v7e-m+fp/hard\libgcc.a(_arm_cmpdf2.o)
                0x08001e38                __gtdf2
                0x08001e38                __gedf2
                0x08001e40                __ltdf2
                0x08001e40                __ledf2
                0x08001e48                __nedf2
                0x08001e48                __eqdf2
                0x08001e48                __cmpdf2
                0x08001ec4                __aeabi_cdrcmple
                0x08001ed4                __aeabi_cdcmpeq
                0x08001ed4                __aeabi_cdcmple
                0x08001ee4                __aeabi_dcmpeq
                0x08001ef8                __aeabi_dcmplt
                0x08001f0c                __aeabi_dcmple
                0x08001f20                __aeabi_dcmpge
                0x08001f34                __aeabi_dcmpgt
 .text          0x08001f48       0x2c e:/stm32_clion_toolchain/gcc-arm-none-eabi-10.3-2021.10-win32/gcc-arm-none-eabi-10.3-2021.10/bin/../lib/gcc/arm-none-eabi/10.3.1/thumb/v7e-m+fp/hard\libgcc.a(_arm_unorddf2.o)
                0x08001f48                __unorddf2
                0x08001f48                __aeabi_dcmpun
 .text          0x08001f74       0x50 e:/stm32_clion_toolchain/gcc-arm-none-eabi-10.3-2021.10-win32/gcc-arm-none-eabi-10.3-2021.10/bin/../lib/gcc/arm-none-eabi/10.3.1/thumb/v7e-m+fp/hard\libgcc.a(_arm_fixdfsi.o)
                0x08001f74                __aeabi_d2iz
                0x08001f74                __fixdfsi
 *(.text*)
 .text.MX_DMA_Init
                0x08001fc4       0x64 CMakeFiles/SDcard.elf.dir/Core/Src/dma.c.obj
                0x08001fc4                MX_DMA_Init
 .text.StartDefaultTask
                0x08002028        0xa CMakeFiles/SDcard.elf.dir/Core/Src/freertos.c.obj
                0x08002028                StartDefaultTask
 *fill*         0x08002032        0x2 
 .text.vApplicationGetIdleTaskMemory
                0x08002034       0x18 CMakeFiles/SDcard.elf.dir/Core/Src/freertos.c.obj
                0x08002034                vApplicationGetIdleTaskMemory
 .text.MX_FREERTOS_Init
                0x0800204c       0x5c CMakeFiles/SDcard.elf.dir/Core/Src/freertos.c.obj
                0x0800204c                MX_FREERTOS_Init
 .text.MX_GPIO_Init
                0x080020a8       0xbc CMakeFiles/SDcard.elf.dir/Core/Src/gpio.c.obj
                0x080020a8                MX_GPIO_Init
 .text.User_Init
                0x08002164        0xc CMakeFiles/SDcard.elf.dir/Core/Src/main.c.obj
                0x08002164                User_Init
 .text.Error_Handler
                0x08002170        0x4 CMakeFiles/SDcard.elf.dir/Core/Src/main.c.obj
                0x08002170                Error_Handler
 .text.SystemClock_Config
                0x08002174       0xac CMakeFiles/SDcard.elf.dir/Core/Src/main.c.obj
                0x08002174                SystemClock_Config
 .text.MX_RTC_Init
                0x08002220       0x8c CMakeFiles/SDcard.elf.dir/Core/Src/rtc.c.obj
                0x08002220                MX_RTC_Init
 .text.HAL_RTC_MspInit
                0x080022ac       0x48 CMakeFiles/SDcard.elf.dir/Core/Src/rtc.c.obj
                0x080022ac                HAL_RTC_MspInit
 .text.HAL_SD_MspInit
                0x080022f4      0x170 CMakeFiles/SDcard.elf.dir/Core/Src/sdio.c.obj
                0x080022f4                HAL_SD_MspInit
 .text.MX_SDIO_SD_Init_Fix
                0x08002464       0x20 CMakeFiles/SDcard.elf.dir/Core/Src/sdio.c.obj
                0x08002464                MX_SDIO_SD_Init_Fix
 .text.HAL_MspInit
                0x08002484       0x44 CMakeFiles/SDcard.elf.dir/Core/Src/stm32f4xx_hal_msp.c.obj
                0x08002484                HAL_MspInit
 .text.NMI_Handler
                0x080024c8        0x2 CMakeFiles/SDcard.elf.dir/Core/Src/stm32f4xx_it.c.obj
                0x080024c8                NMI_Handler
 .text.HardFault_Handler
                0x080024ca        0x2 CMakeFiles/SDcard.elf.dir/Core/Src/stm32f4xx_it.c.obj
                0x080024ca                HardFault_Handler
 .text.MemManage_Handler
                0x080024cc        0x2 CMakeFiles/SDcard.elf.dir/Core/Src/stm32f4xx_it.c.obj
                0x080024cc                MemManage_Handler
 .text.BusFault_Handler
                0x080024ce        0x2 CMakeFiles/SDcard.elf.dir/Core/Src/stm32f4xx_it.c.obj
                0x080024ce                BusFault_Handler
 .text.UsageFault_Handler
                0x080024d0        0x2 CMakeFiles/SDcard.elf.dir/Core/Src/stm32f4xx_it.c.obj
                0x080024d0                UsageFault_Handler
 .text.DebugMon_Handler
                0x080024d2        0x2 CMakeFiles/SDcard.elf.dir/Core/Src/stm32f4xx_it.c.obj
                0x080024d2                DebugMon_Handler
 .text.SysTick_Handler
                0x080024d4       0x16 CMakeFiles/SDcard.elf.dir/Core/Src/stm32f4xx_it.c.obj
                0x080024d4                SysTick_Handler
 *fill*         0x080024ea        0x2 
 .text.USART1_IRQHandler
                0x080024ec       0x10 CMakeFiles/SDcard.elf.dir/Core/Src/stm32f4xx_it.c.obj
                0x080024ec                USART1_IRQHandler
 .text.SDIO_IRQHandler
                0x080024fc       0x10 CMakeFiles/SDcard.elf.dir/Core/Src/stm32f4xx_it.c.obj
                0x080024fc                SDIO_IRQHandler
 .text.DMA2_Stream2_IRQHandler
                0x0800250c       0x10 CMakeFiles/SDcard.elf.dir/Core/Src/stm32f4xx_it.c.obj
                0x0800250c                DMA2_Stream2_IRQHandler
 .text.DMA2_Stream3_IRQHandler
                0x0800251c       0x10 CMakeFiles/SDcard.elf.dir/Core/Src/stm32f4xx_it.c.obj
                0x0800251c                DMA2_Stream3_IRQHandler
 .text.DMA2_Stream6_IRQHandler
                0x0800252c       0x10 CMakeFiles/SDcard.elf.dir/Core/Src/stm32f4xx_it.c.obj
                0x0800252c                DMA2_Stream6_IRQHandler
 .text.DMA2_Stream7_IRQHandler
                0x0800253c       0x10 CMakeFiles/SDcard.elf.dir/Core/Src/stm32f4xx_it.c.obj
                0x0800253c                DMA2_Stream7_IRQHandler
 .text._getpid  0x0800254c        0x4 CMakeFiles/SDcard.elf.dir/Core/Src/syscalls.c.obj
                0x0800254c                _getpid
 .text._kill    0x08002550       0x10 CMakeFiles/SDcard.elf.dir/Core/Src/syscalls.c.obj
                0x08002550                _kill
 .text._exit    0x08002560        0xc CMakeFiles/SDcard.elf.dir/Core/Src/syscalls.c.obj
                0x08002560                _exit
 .text._read    0x0800256c       0x20 CMakeFiles/SDcard.elf.dir/Core/Src/syscalls.c.obj
                0x0800256c                _read
 .text._write   0x0800258c       0x1c CMakeFiles/SDcard.elf.dir/Core/Src/syscalls.c.obj
                0x0800258c                _write
 .text._close   0x080025a8        0x6 CMakeFiles/SDcard.elf.dir/Core/Src/syscalls.c.obj
                0x080025a8                _close
 .text._fstat   0x080025ae        0xa CMakeFiles/SDcard.elf.dir/Core/Src/syscalls.c.obj
                0x080025ae                _fstat
 .text._isatty  0x080025b8        0x4 CMakeFiles/SDcard.elf.dir/Core/Src/syscalls.c.obj
                0x080025b8                _isatty
 .text._lseek   0x080025bc        0x4 CMakeFiles/SDcard.elf.dir/Core/Src/syscalls.c.obj
                0x080025bc                _lseek
 .text._sbrk    0x080025c0       0x48 CMakeFiles/SDcard.elf.dir/Core/Src/sysmem.c.obj
                0x080025c0                _sbrk
 .text.SystemInit
                0x08002608       0x14 CMakeFiles/SDcard.elf.dir/Core/Src/system_stm32f4xx.c.obj
                0x08002608                SystemInit
 .text.MX_USART1_UART_Init
                0x0800261c       0x34 CMakeFiles/SDcard.elf.dir/Core/Src/usart.c.obj
                0x0800261c                MX_USART1_UART_Init
 .text.HAL_UART_MspInit
                0x08002650       0xfc CMakeFiles/SDcard.elf.dir/Core/Src/usart.c.obj
                0x08002650                HAL_UART_MspInit
 .text.usart_printf
                0x0800274c       0x38 CMakeFiles/SDcard.elf.dir/Core/Src/usart.c.obj
                0x0800274c                usart_printf
 .text.Reset_Handler
                0x08002784       0x50 CMakeFiles/SDcard.elf.dir/Core/Startup/startup_stm32f405rgtx.s.obj
                0x08002784                Reset_Handler
 .text.Default_Handler
                0x080027d4        0x2 CMakeFiles/SDcard.elf.dir/Core/Startup/startup_stm32f405rgtx.s.obj
                0x080027d4                RTC_Alarm_IRQHandler
                0x080027d4                HASH_RNG_IRQHandler
                0x080027d4                EXTI2_IRQHandler
                0x080027d4                TIM8_CC_IRQHandler
                0x080027d4                TIM1_CC_IRQHandler
                0x080027d4                DMA2_Stream5_IRQHandler
                0x080027d4                DMA1_Stream5_IRQHandler
                0x080027d4                PVD_IRQHandler
                0x080027d4                TAMP_STAMP_IRQHandler
                0x080027d4                CAN2_RX1_IRQHandler
                0x080027d4                EXTI3_IRQHandler
                0x080027d4                TIM8_TRG_COM_TIM14_IRQHandler
                0x080027d4                TIM1_UP_TIM10_IRQHandler
                0x080027d4                TIM8_UP_TIM13_IRQHandler
                0x080027d4                I2C3_ER_IRQHandler
                0x080027d4                EXTI0_IRQHandler
                0x080027d4                I2C2_EV_IRQHandler
                0x080027d4                DMA1_Stream2_IRQHandler
                0x080027d4                CAN1_RX0_IRQHandler
                0x080027d4                FPU_IRQHandler
                0x080027d4                OTG_HS_WKUP_IRQHandler
                0x080027d4                CAN2_SCE_IRQHandler
                0x080027d4                SPI1_IRQHandler
                0x080027d4                TIM6_DAC_IRQHandler
                0x080027d4                TIM1_BRK_TIM9_IRQHandler
                0x080027d4                CAN2_RX0_IRQHandler
                0x080027d4                USART6_IRQHandler
                0x080027d4                USART3_IRQHandler
                0x080027d4                CAN1_RX1_IRQHandler
                0x080027d4                UART5_IRQHandler
                0x080027d4                DMA2_Stream0_IRQHandler
                0x080027d4                TIM4_IRQHandler
                0x080027d4                I2C1_EV_IRQHandler
                0x080027d4                DMA1_Stream6_IRQHandler
                0x080027d4                DMA1_Stream1_IRQHandler
                0x080027d4                UART4_IRQHandler
                0x080027d4                TIM3_IRQHandler
                0x080027d4                RCC_IRQHandler
                0x080027d4                TIM8_BRK_TIM12_IRQHandler
                0x080027d4                Default_Handler
                0x080027d4                EXTI15_10_IRQHandler
                0x080027d4                ADC_IRQHandler
                0x080027d4                DMA1_Stream7_IRQHandler
                0x080027d4                TIM7_IRQHandler
                0x080027d4                CAN2_TX_IRQHandler
                0x080027d4                TIM5_IRQHandler
                0x080027d4                I2C3_EV_IRQHandler
                0x080027d4                EXTI9_5_IRQHandler
                0x080027d4                RTC_WKUP_IRQHandler
                0x080027d4                SPI2_IRQHandler
                0x080027d4                OTG_HS_EP1_IN_IRQHandler
                0x080027d4                DMA1_Stream0_IRQHandler
                0x080027d4                CAN1_TX_IRQHandler
                0x080027d4                EXTI4_IRQHandler
                0x080027d4                FSMC_IRQHandler
                0x080027d4                OTG_HS_EP1_OUT_IRQHandler
                0x080027d4                WWDG_IRQHandler
                0x080027d4                TIM2_IRQHandler
                0x080027d4                OTG_FS_WKUP_IRQHandler
                0x080027d4                TIM1_TRG_COM_TIM11_IRQHandler
                0x080027d4                OTG_HS_IRQHandler
                0x080027d4                EXTI1_IRQHandler
                0x080027d4                USART2_IRQHandler
                0x080027d4                I2C2_ER_IRQHandler
                0x080027d4                DMA2_Stream1_IRQHandler
                0x080027d4                CAN1_SCE_IRQHandler
                0x080027d4                FLASH_IRQHandler
                0x080027d4                DMA2_Stream4_IRQHandler
                0x080027d4                OTG_FS_IRQHandler
                0x080027d4                SPI3_IRQHandler
                0x080027d4                DMA1_Stream4_IRQHandler
                0x080027d4                I2C1_ER_IRQHandler
                0x080027d4                DMA1_Stream3_IRQHandler
 *fill*         0x080027d6        0x2 
 .text.HAL_InitTick
                0x080027d8       0x4c CMakeFiles/SDcard.elf.dir/Drivers/STM32F4xx_HAL_Driver/Src/stm32f4xx_hal.c.obj
                0x080027d8                HAL_InitTick
 .text.HAL_Init
                0x08002824       0x34 CMakeFiles/SDcard.elf.dir/Drivers/STM32F4xx_HAL_Driver/Src/stm32f4xx_hal.c.obj
                0x08002824                HAL_Init
 .text.HAL_IncTick
                0x08002858       0x18 CMakeFiles/SDcard.elf.dir/Drivers/STM32F4xx_HAL_Driver/Src/stm32f4xx_hal.c.obj
                0x08002858                HAL_IncTick
 .text.HAL_GetTick
                0x08002870        0xc CMakeFiles/SDcard.elf.dir/Drivers/STM32F4xx_HAL_Driver/Src/stm32f4xx_hal.c.obj
                0x08002870                HAL_GetTick
 .text.HAL_Delay
                0x0800287c       0x28 CMakeFiles/SDcard.elf.dir/Drivers/STM32F4xx_HAL_Driver/Src/stm32f4xx_hal.c.obj
                0x0800287c                HAL_Delay
 .text.HAL_NVIC_SetPriorityGrouping
                0x080028a4       0x24 CMakeFiles/SDcard.elf.dir/Drivers/STM32F4xx_HAL_Driver/Src/stm32f4xx_hal_cortex.c.obj
                0x080028a4                HAL_NVIC_SetPriorityGrouping
 .text.HAL_NVIC_SetPriority
                0x080028c8       0x70 CMakeFiles/SDcard.elf.dir/Drivers/STM32F4xx_HAL_Driver/Src/stm32f4xx_hal_cortex.c.obj
                0x080028c8                HAL_NVIC_SetPriority
 .text.HAL_NVIC_EnableIRQ
                0x08002938       0x1c CMakeFiles/SDcard.elf.dir/Drivers/STM32F4xx_HAL_Driver/Src/stm32f4xx_hal_cortex.c.obj
                0x08002938                HAL_NVIC_EnableIRQ
 .text.HAL_SYSTICK_Config
                0x08002954       0x28 CMakeFiles/SDcard.elf.dir/Drivers/STM32F4xx_HAL_Driver/Src/stm32f4xx_hal_cortex.c.obj
                0x08002954                HAL_SYSTICK_Config
 .text.DMA_SetConfig
                0x0800297c       0x2c CMakeFiles/SDcard.elf.dir/Drivers/STM32F4xx_HAL_Driver/Src/stm32f4xx_hal_dma.c.obj
 .text.DMA_CalcBaseAndBitshift
                0x080029a8       0x44 CMakeFiles/SDcard.elf.dir/Drivers/STM32F4xx_HAL_Driver/Src/stm32f4xx_hal_dma.c.obj
 .text.DMA_CheckFifoParam
                0x080029ec       0x8e CMakeFiles/SDcard.elf.dir/Drivers/STM32F4xx_HAL_Driver/Src/stm32f4xx_hal_dma.c.obj
 *fill*         0x08002a7a        0x2 
 .text.HAL_DMA_Init
                0x08002a7c       0xcc CMakeFiles/SDcard.elf.dir/Drivers/STM32F4xx_HAL_Driver/Src/stm32f4xx_hal_dma.c.obj
                0x08002a7c                HAL_DMA_Init
 .text.HAL_DMA_Start_IT
                0x08002b48       0x6a CMakeFiles/SDcard.elf.dir/Drivers/STM32F4xx_HAL_Driver/Src/stm32f4xx_hal_dma.c.obj
                0x08002b48                HAL_DMA_Start_IT
 .text.HAL_DMA_Abort
                0x08002bb2       0x94 CMakeFiles/SDcard.elf.dir/Drivers/STM32F4xx_HAL_Driver/Src/stm32f4xx_hal_dma.c.obj
                0x08002bb2                HAL_DMA_Abort
 .text.HAL_DMA_Abort_IT
                0x08002c46       0x26 CMakeFiles/SDcard.elf.dir/Drivers/STM32F4xx_HAL_Driver/Src/stm32f4xx_hal_dma.c.obj
                0x08002c46                HAL_DMA_Abort_IT
 .text.HAL_DMA_IRQHandler
                0x08002c6c      0x1dc CMakeFiles/SDcard.elf.dir/Drivers/STM32F4xx_HAL_Driver/Src/stm32f4xx_hal_dma.c.obj
                0x08002c6c                HAL_DMA_IRQHandler
 .text.HAL_DMA_GetError
                0x08002e48        0x4 CMakeFiles/SDcard.elf.dir/Drivers/STM32F4xx_HAL_Driver/Src/stm32f4xx_hal_dma.c.obj
                0x08002e48                HAL_DMA_GetError
 .text.HAL_GPIO_Init
                0x08002e4c      0x1e4 CMakeFiles/SDcard.elf.dir/Drivers/STM32F4xx_HAL_Driver/Src/stm32f4xx_hal_gpio.c.obj
                0x08002e4c                HAL_GPIO_Init
 .text.HAL_GPIO_ReadPin
                0x08003030        0xe CMakeFiles/SDcard.elf.dir/Drivers/STM32F4xx_HAL_Driver/Src/stm32f4xx_hal_gpio.c.obj
                0x08003030                HAL_GPIO_ReadPin
 .text.HAL_GPIO_WritePin
                0x0800303e        0xc CMakeFiles/SDcard.elf.dir/Drivers/STM32F4xx_HAL_Driver/Src/stm32f4xx_hal_gpio.c.obj
                0x0800303e                HAL_GPIO_WritePin
 *fill*         0x0800304a        0x2 
 .text.HAL_RCC_OscConfig
                0x0800304c      0x3f8 CMakeFiles/SDcard.elf.dir/Drivers/STM32F4xx_HAL_Driver/Src/stm32f4xx_hal_rcc.c.obj
                0x0800304c                HAL_RCC_OscConfig
 .text.HAL_RCC_GetSysClockFreq
                0x08003444       0xa4 CMakeFiles/SDcard.elf.dir/Drivers/STM32F4xx_HAL_Driver/Src/stm32f4xx_hal_rcc.c.obj
                0x08003444                HAL_RCC_GetSysClockFreq
 .text.HAL_RCC_ClockConfig
                0x080034e8      0x160 CMakeFiles/SDcard.elf.dir/Drivers/STM32F4xx_HAL_Driver/Src/stm32f4xx_hal_rcc.c.obj
                0x080034e8                HAL_RCC_ClockConfig
 .text.HAL_RCC_GetHCLKFreq
                0x08003648        0xc CMakeFiles/SDcard.elf.dir/Drivers/STM32F4xx_HAL_Driver/Src/stm32f4xx_hal_rcc.c.obj
                0x08003648                HAL_RCC_GetHCLKFreq
 .text.HAL_RCC_GetPCLK1Freq
                0x08003654       0x20 CMakeFiles/SDcard.elf.dir/Drivers/STM32F4xx_HAL_Driver/Src/stm32f4xx_hal_rcc.c.obj
                0x08003654                HAL_RCC_GetPCLK1Freq
 .text.HAL_RCC_GetPCLK2Freq
                0x08003674       0x20 CMakeFiles/SDcard.elf.dir/Drivers/STM32F4xx_HAL_Driver/Src/stm32f4xx_hal_rcc.c.obj
                0x08003674                HAL_RCC_GetPCLK2Freq
 .text.HAL_RCCEx_PeriphCLKConfig
                0x08003694      0x154 CMakeFiles/SDcard.elf.dir/Drivers/STM32F4xx_HAL_Driver/Src/stm32f4xx_hal_rcc_ex.c.obj
                0x08003694                HAL_RCCEx_PeriphCLKConfig
 .text.HAL_RTC_WaitForSynchro
                0x080037e8       0x34 CMakeFiles/SDcard.elf.dir/Drivers/STM32F4xx_HAL_Driver/Src/stm32f4xx_hal_rtc.c.obj
                0x080037e8                HAL_RTC_WaitForSynchro
 .text.RTC_EnterInitMode
                0x0800381c       0x46 CMakeFiles/SDcard.elf.dir/Drivers/STM32F4xx_HAL_Driver/Src/stm32f4xx_hal_rtc.c.obj
                0x0800381c                RTC_EnterInitMode
 .text.RTC_ExitInitMode
                0x08003862       0x2a CMakeFiles/SDcard.elf.dir/Drivers/STM32F4xx_HAL_Driver/Src/stm32f4xx_hal_rtc.c.obj
                0x08003862                RTC_ExitInitMode
 .text.HAL_RTC_Init
                0x0800388c       0x9c CMakeFiles/SDcard.elf.dir/Drivers/STM32F4xx_HAL_Driver/Src/stm32f4xx_hal_rtc.c.obj
                0x0800388c                HAL_RTC_Init
 .text.RTC_ByteToBcd2
                0x08003928       0x16 CMakeFiles/SDcard.elf.dir/Drivers/STM32F4xx_HAL_Driver/Src/stm32f4xx_hal_rtc.c.obj
                0x08003928                RTC_ByteToBcd2
 .text.HAL_RTC_SetTime
                0x0800393e       0xbe CMakeFiles/SDcard.elf.dir/Drivers/STM32F4xx_HAL_Driver/Src/stm32f4xx_hal_rtc.c.obj
                0x0800393e                HAL_RTC_SetTime
 .text.HAL_RTC_SetDate
                0x080039fc       0x9c CMakeFiles/SDcard.elf.dir/Drivers/STM32F4xx_HAL_Driver/Src/stm32f4xx_hal_rtc.c.obj
                0x080039fc                HAL_RTC_SetDate
 .text.SD_DMATransmitCplt
                0x08003a98        0xe CMakeFiles/SDcard.elf.dir/Drivers/STM32F4xx_HAL_Driver/Src/stm32f4xx_hal_sd.c.obj
 *fill*         0x08003aa6        0x2 
 .text.SD_PowerON
                0x08003aa8       0xc0 CMakeFiles/SDcard.elf.dir/Drivers/STM32F4xx_HAL_Driver/Src/stm32f4xx_hal_sd.c.obj
 .text.SD_Read_IT
                0x08003b68       0x38 CMakeFiles/SDcard.elf.dir/Drivers/STM32F4xx_HAL_Driver/Src/stm32f4xx_hal_sd.c.obj
 .text.SD_Write_IT
                0x08003ba0       0x48 CMakeFiles/SDcard.elf.dir/Drivers/STM32F4xx_HAL_Driver/Src/stm32f4xx_hal_sd.c.obj
 .text.SD_FindSCR
                0x08003be8      0x108 CMakeFiles/SDcard.elf.dir/Drivers/STM32F4xx_HAL_Driver/Src/stm32f4xx_hal_sd.c.obj
 .text.SD_WideBus_Enable
                0x08003cf0       0x4e CMakeFiles/SDcard.elf.dir/Drivers/STM32F4xx_HAL_Driver/Src/stm32f4xx_hal_sd.c.obj
 .text.SD_WideBus_Disable
                0x08003d3e       0x4e CMakeFiles/SDcard.elf.dir/Drivers/STM32F4xx_HAL_Driver/Src/stm32f4xx_hal_sd.c.obj
 .text.SD_SendStatus
                0x08003d8c       0x2c CMakeFiles/SDcard.elf.dir/Drivers/STM32F4xx_HAL_Driver/Src/stm32f4xx_hal_sd.c.obj
 .text.HAL_SD_ReadBlocks_DMA
                0x08003db8      0x138 CMakeFiles/SDcard.elf.dir/Drivers/STM32F4xx_HAL_Driver/Src/stm32f4xx_hal_sd.c.obj
                0x08003db8                HAL_SD_ReadBlocks_DMA
 .text.HAL_SD_WriteBlocks_DMA
                0x08003ef0      0x13c CMakeFiles/SDcard.elf.dir/Drivers/STM32F4xx_HAL_Driver/Src/stm32f4xx_hal_sd.c.obj
                0x08003ef0                HAL_SD_WriteBlocks_DMA
 .text.HAL_SD_ErrorCallback
                0x0800402c        0x2 CMakeFiles/SDcard.elf.dir/Drivers/STM32F4xx_HAL_Driver/Src/stm32f4xx_hal_sd.c.obj
                0x0800402c                HAL_SD_ErrorCallback
 .text.SD_DMAReceiveCplt
                0x0800402e       0x48 CMakeFiles/SDcard.elf.dir/Drivers/STM32F4xx_HAL_Driver/Src/stm32f4xx_hal_sd.c.obj
 *fill*         0x08004076        0x2 
 .text.HAL_SD_GetCardCSD
                0x08004078      0x1b8 CMakeFiles/SDcard.elf.dir/Drivers/STM32F4xx_HAL_Driver/Src/stm32f4xx_hal_sd.c.obj
                0x08004078                HAL_SD_GetCardCSD
 .text.SD_InitCard
                0x08004230      0x100 CMakeFiles/SDcard.elf.dir/Drivers/STM32F4xx_HAL_Driver/Src/stm32f4xx_hal_sd.c.obj
 .text.HAL_SD_InitCard
                0x08004330       0xa8 CMakeFiles/SDcard.elf.dir/Drivers/STM32F4xx_HAL_Driver/Src/stm32f4xx_hal_sd.c.obj
                0x08004330                HAL_SD_InitCard
 .text.HAL_SD_Init
                0x080043d8       0x36 CMakeFiles/SDcard.elf.dir/Drivers/STM32F4xx_HAL_Driver/Src/stm32f4xx_hal_sd.c.obj
                0x080043d8                HAL_SD_Init
 .text.HAL_SD_GetCardInfo
                0x0800440e       0x24 CMakeFiles/SDcard.elf.dir/Drivers/STM32F4xx_HAL_Driver/Src/stm32f4xx_hal_sd.c.obj
                0x0800440e                HAL_SD_GetCardInfo
 *fill*         0x08004432        0x2 
 .text.HAL_SD_ConfigWideBusOperation
                0x08004434       0xc0 CMakeFiles/SDcard.elf.dir/Drivers/STM32F4xx_HAL_Driver/Src/stm32f4xx_hal_sd.c.obj
                0x08004434                HAL_SD_ConfigWideBusOperation
 .text.HAL_SD_GetCardState
                0x080044f4       0x22 CMakeFiles/SDcard.elf.dir/Drivers/STM32F4xx_HAL_Driver/Src/stm32f4xx_hal_sd.c.obj
                0x080044f4                HAL_SD_GetCardState
 *fill*         0x08004516        0x2 
 .text.SD_DMAError
                0x08004518       0x68 CMakeFiles/SDcard.elf.dir/Drivers/STM32F4xx_HAL_Driver/Src/stm32f4xx_hal_sd.c.obj
 .text.SD_DMATxAbort
                0x08004580       0x44 CMakeFiles/SDcard.elf.dir/Drivers/STM32F4xx_HAL_Driver/Src/stm32f4xx_hal_sd.c.obj
 .text.SD_DMARxAbort
                0x080045c4       0x44 CMakeFiles/SDcard.elf.dir/Drivers/STM32F4xx_HAL_Driver/Src/stm32f4xx_hal_sd.c.obj
 .text.HAL_SD_IRQHandler
                0x08004608      0x1e0 CMakeFiles/SDcard.elf.dir/Drivers/STM32F4xx_HAL_Driver/Src/stm32f4xx_hal_sd.c.obj
                0x08004608                HAL_SD_IRQHandler
 .text.UART_EndTxTransfer
                0x080047e8       0x20 CMakeFiles/SDcard.elf.dir/Drivers/STM32F4xx_HAL_Driver/Src/stm32f4xx_hal_uart.c.obj
 .text.UART_EndRxTransfer
                0x08004808       0x5c CMakeFiles/SDcard.elf.dir/Drivers/STM32F4xx_HAL_Driver/Src/stm32f4xx_hal_uart.c.obj
 .text.UART_Transmit_IT
                0x08004864       0x60 CMakeFiles/SDcard.elf.dir/Drivers/STM32F4xx_HAL_Driver/Src/stm32f4xx_hal_uart.c.obj
 .text.UART_SetConfig
                0x080048c4      0x110 CMakeFiles/SDcard.elf.dir/Drivers/STM32F4xx_HAL_Driver/Src/stm32f4xx_hal_uart.c.obj
 .text.HAL_UART_Init
                0x080049d4       0x60 CMakeFiles/SDcard.elf.dir/Drivers/STM32F4xx_HAL_Driver/Src/stm32f4xx_hal_uart.c.obj
                0x080049d4                HAL_UART_Init
 .text.HAL_UART_Transmit_DMA
                0x08004a34       0x84 CMakeFiles/SDcard.elf.dir/Drivers/STM32F4xx_HAL_Driver/Src/stm32f4xx_hal_uart.c.obj
                0x08004a34                HAL_UART_Transmit_DMA
 .text.HAL_UART_TxCpltCallback
                0x08004ab8        0x2 CMakeFiles/SDcard.elf.dir/Drivers/STM32F4xx_HAL_Driver/Src/stm32f4xx_hal_uart.c.obj
                0x08004ab8                HAL_UART_TxCpltCallback
 .text.UART_DMATransmitCplt
                0x08004aba       0x4c CMakeFiles/SDcard.elf.dir/Drivers/STM32F4xx_HAL_Driver/Src/stm32f4xx_hal_uart.c.obj
 .text.UART_EndTransmit_IT
                0x08004b06       0x1a CMakeFiles/SDcard.elf.dir/Drivers/STM32F4xx_HAL_Driver/Src/stm32f4xx_hal_uart.c.obj
 .text.HAL_UART_TxHalfCpltCallback
                0x08004b20        0x2 CMakeFiles/SDcard.elf.dir/Drivers/STM32F4xx_HAL_Driver/Src/stm32f4xx_hal_uart.c.obj
                0x08004b20                HAL_UART_TxHalfCpltCallback
 .text.UART_DMATxHalfCplt
                0x08004b22        0xa CMakeFiles/SDcard.elf.dir/Drivers/STM32F4xx_HAL_Driver/Src/stm32f4xx_hal_uart.c.obj
 .text.HAL_UART_RxCpltCallback
                0x08004b2c        0x2 CMakeFiles/SDcard.elf.dir/Drivers/STM32F4xx_HAL_Driver/Src/stm32f4xx_hal_uart.c.obj
                0x08004b2c                HAL_UART_RxCpltCallback
 .text.HAL_UART_ErrorCallback
                0x08004b2e        0x2 CMakeFiles/SDcard.elf.dir/Drivers/STM32F4xx_HAL_Driver/Src/stm32f4xx_hal_uart.c.obj
                0x08004b2e                HAL_UART_ErrorCallback
 .text.UART_DMAError
                0x08004b30       0x58 CMakeFiles/SDcard.elf.dir/Drivers/STM32F4xx_HAL_Driver/Src/stm32f4xx_hal_uart.c.obj
 .text.UART_DMAAbortOnError
                0x08004b88       0x10 CMakeFiles/SDcard.elf.dir/Drivers/STM32F4xx_HAL_Driver/Src/stm32f4xx_hal_uart.c.obj
 .text.HAL_UARTEx_RxEventCallback
                0x08004b98        0x2 CMakeFiles/SDcard.elf.dir/Drivers/STM32F4xx_HAL_Driver/Src/stm32f4xx_hal_uart.c.obj
                0x08004b98                HAL_UARTEx_RxEventCallback
 .text.UART_Receive_IT
                0x08004b9a       0xe6 CMakeFiles/SDcard.elf.dir/Drivers/STM32F4xx_HAL_Driver/Src/stm32f4xx_hal_uart.c.obj
 .text.HAL_UART_IRQHandler
                0x08004c80      0x288 CMakeFiles/SDcard.elf.dir/Drivers/STM32F4xx_HAL_Driver/Src/stm32f4xx_hal_uart.c.obj
                0x08004c80                HAL_UART_IRQHandler
 .text.SDMMC_GetCmdError
                0x08004f08       0x38 CMakeFiles/SDcard.elf.dir/Drivers/STM32F4xx_HAL_Driver/Src/stm32f4xx_ll_sdmmc.c.obj
 .text.SDIO_Init
                0x08004f40       0x32 CMakeFiles/SDcard.elf.dir/Drivers/STM32F4xx_HAL_Driver/Src/stm32f4xx_ll_sdmmc.c.obj
                0x08004f40                SDIO_Init
 .text.SDIO_ReadFIFO
                0x08004f72        0x6 CMakeFiles/SDcard.elf.dir/Drivers/STM32F4xx_HAL_Driver/Src/stm32f4xx_ll_sdmmc.c.obj
                0x08004f72                SDIO_ReadFIFO
 .text.SDIO_WriteFIFO
                0x08004f78        0xa CMakeFiles/SDcard.elf.dir/Drivers/STM32F4xx_HAL_Driver/Src/stm32f4xx_ll_sdmmc.c.obj
                0x08004f78                SDIO_WriteFIFO
 .text.SDIO_PowerState_ON
                0x08004f82        0x8 CMakeFiles/SDcard.elf.dir/Drivers/STM32F4xx_HAL_Driver/Src/stm32f4xx_ll_sdmmc.c.obj
                0x08004f82                SDIO_PowerState_ON
 .text.SDIO_GetPowerState
                0x08004f8a        0x8 CMakeFiles/SDcard.elf.dir/Drivers/STM32F4xx_HAL_Driver/Src/stm32f4xx_ll_sdmmc.c.obj
                0x08004f8a                SDIO_GetPowerState
 .text.SDIO_SendCommand
                0x08004f92       0x24 CMakeFiles/SDcard.elf.dir/Drivers/STM32F4xx_HAL_Driver/Src/stm32f4xx_ll_sdmmc.c.obj
                0x08004f92                SDIO_SendCommand
 .text.SDIO_GetCommandResponse
                0x08004fb6        0x6 CMakeFiles/SDcard.elf.dir/Drivers/STM32F4xx_HAL_Driver/Src/stm32f4xx_ll_sdmmc.c.obj
                0x08004fb6                SDIO_GetCommandResponse
 .text.SDIO_GetResponse
                0x08004fbc        0x6 CMakeFiles/SDcard.elf.dir/Drivers/STM32F4xx_HAL_Driver/Src/stm32f4xx_ll_sdmmc.c.obj
                0x08004fbc                SDIO_GetResponse
 .text.SDIO_ConfigData
                0x08004fc2       0x24 CMakeFiles/SDcard.elf.dir/Drivers/STM32F4xx_HAL_Driver/Src/stm32f4xx_ll_sdmmc.c.obj
                0x08004fc2                SDIO_ConfigData
 .text.SDMMC_CmdGoIdleState
                0x08004fe6       0x26 CMakeFiles/SDcard.elf.dir/Drivers/STM32F4xx_HAL_Driver/Src/stm32f4xx_ll_sdmmc.c.obj
                0x08004fe6                SDMMC_CmdGoIdleState
 .text.SDMMC_GetCmdResp1
                0x0800500c      0x154 CMakeFiles/SDcard.elf.dir/Drivers/STM32F4xx_HAL_Driver/Src/stm32f4xx_ll_sdmmc.c.obj
                0x0800500c                SDMMC_GetCmdResp1
 .text.SDMMC_CmdBlockLength
                0x08005160       0x30 CMakeFiles/SDcard.elf.dir/Drivers/STM32F4xx_HAL_Driver/Src/stm32f4xx_ll_sdmmc.c.obj
                0x08005160                SDMMC_CmdBlockLength
 .text.SDMMC_CmdReadSingleBlock
                0x08005190       0x30 CMakeFiles/SDcard.elf.dir/Drivers/STM32F4xx_HAL_Driver/Src/stm32f4xx_ll_sdmmc.c.obj
                0x08005190                SDMMC_CmdReadSingleBlock
 .text.SDMMC_CmdReadMultiBlock
                0x080051c0       0x30 CMakeFiles/SDcard.elf.dir/Drivers/STM32F4xx_HAL_Driver/Src/stm32f4xx_ll_sdmmc.c.obj
                0x080051c0                SDMMC_CmdReadMultiBlock
 .text.SDMMC_CmdWriteSingleBlock
                0x080051f0       0x30 CMakeFiles/SDcard.elf.dir/Drivers/STM32F4xx_HAL_Driver/Src/stm32f4xx_ll_sdmmc.c.obj
                0x080051f0                SDMMC_CmdWriteSingleBlock
 .text.SDMMC_CmdWriteMultiBlock
                0x08005220       0x30 CMakeFiles/SDcard.elf.dir/Drivers/STM32F4xx_HAL_Driver/Src/stm32f4xx_ll_sdmmc.c.obj
                0x08005220                SDMMC_CmdWriteMultiBlock
 .text.SDMMC_CmdStopTransfer
                0x08005250       0x34 CMakeFiles/SDcard.elf.dir/Drivers/STM32F4xx_HAL_Driver/Src/stm32f4xx_ll_sdmmc.c.obj
                0x08005250                SDMMC_CmdStopTransfer
 .text.SDMMC_CmdSelDesel
                0x08005284       0x30 CMakeFiles/SDcard.elf.dir/Drivers/STM32F4xx_HAL_Driver/Src/stm32f4xx_ll_sdmmc.c.obj
                0x08005284                SDMMC_CmdSelDesel
 .text.SDMMC_CmdAppCommand
                0x080052b4       0x30 CMakeFiles/SDcard.elf.dir/Drivers/STM32F4xx_HAL_Driver/Src/stm32f4xx_ll_sdmmc.c.obj
                0x080052b4                SDMMC_CmdAppCommand
 .text.SDMMC_CmdBusWidth
                0x080052e4       0x30 CMakeFiles/SDcard.elf.dir/Drivers/STM32F4xx_HAL_Driver/Src/stm32f4xx_ll_sdmmc.c.obj
                0x080052e4                SDMMC_CmdBusWidth
 .text.SDMMC_CmdSendSCR
                0x08005314       0x30 CMakeFiles/SDcard.elf.dir/Drivers/STM32F4xx_HAL_Driver/Src/stm32f4xx_ll_sdmmc.c.obj
                0x08005314                SDMMC_CmdSendSCR
 .text.SDMMC_CmdSendStatus
                0x08005344       0x30 CMakeFiles/SDcard.elf.dir/Drivers/STM32F4xx_HAL_Driver/Src/stm32f4xx_ll_sdmmc.c.obj
                0x08005344                SDMMC_CmdSendStatus
 .text.SDMMC_GetCmdResp2
                0x08005374       0x5c CMakeFiles/SDcard.elf.dir/Drivers/STM32F4xx_HAL_Driver/Src/stm32f4xx_ll_sdmmc.c.obj
                0x08005374                SDMMC_GetCmdResp2
 .text.SDMMC_CmdSendCID
                0x080053d0       0x2a CMakeFiles/SDcard.elf.dir/Drivers/STM32F4xx_HAL_Driver/Src/stm32f4xx_ll_sdmmc.c.obj
                0x080053d0                SDMMC_CmdSendCID
 .text.SDMMC_CmdSendCSD
                0x080053fa       0x2a CMakeFiles/SDcard.elf.dir/Drivers/STM32F4xx_HAL_Driver/Src/stm32f4xx_ll_sdmmc.c.obj
                0x080053fa                SDMMC_CmdSendCSD
 .text.SDMMC_GetCmdResp3
                0x08005424       0x4c CMakeFiles/SDcard.elf.dir/Drivers/STM32F4xx_HAL_Driver/Src/stm32f4xx_ll_sdmmc.c.obj
                0x08005424                SDMMC_GetCmdResp3
 .text.SDMMC_CmdAppOperCommand
                0x08005470       0x32 CMakeFiles/SDcard.elf.dir/Drivers/STM32F4xx_HAL_Driver/Src/stm32f4xx_ll_sdmmc.c.obj
                0x08005470                SDMMC_CmdAppOperCommand
 *fill*         0x080054a2        0x2 
 .text.SDMMC_GetCmdResp6
                0x080054a4       0xa0 CMakeFiles/SDcard.elf.dir/Drivers/STM32F4xx_HAL_Driver/Src/stm32f4xx_ll_sdmmc.c.obj
                0x080054a4                SDMMC_GetCmdResp6
 .text.SDMMC_CmdSetRelAdd
                0x08005544       0x30 CMakeFiles/SDcard.elf.dir/Drivers/STM32F4xx_HAL_Driver/Src/stm32f4xx_ll_sdmmc.c.obj
                0x08005544                SDMMC_CmdSetRelAdd
 .text.SDMMC_GetCmdResp7
                0x08005574       0x64 CMakeFiles/SDcard.elf.dir/Drivers/STM32F4xx_HAL_Driver/Src/stm32f4xx_ll_sdmmc.c.obj
                0x08005574                SDMMC_GetCmdResp7
 .text.SDMMC_CmdOperCond
                0x080055d8       0x2e CMakeFiles/SDcard.elf.dir/Drivers/STM32F4xx_HAL_Driver/Src/stm32f4xx_ll_sdmmc.c.obj
                0x080055d8                SDMMC_CmdOperCond
 *fill*         0x08005606        0x2 
 .text.MX_FATFS_Init
                0x08005608       0x1c CMakeFiles/SDcard.elf.dir/FATFS/App/fatfs.c.obj
                0x08005608                MX_FATFS_Init
 .text.get_fattime
                0x08005624        0x4 CMakeFiles/SDcard.elf.dir/FATFS/App/fatfs.c.obj
                0x08005624                get_fattime
 .text.BSP_SD_ReadBlocks_DMA
                0x08005628       0x18 CMakeFiles/SDcard.elf.dir/FATFS/Target/bsp_driver_sd.c.obj
                0x08005628                BSP_SD_ReadBlocks_DMA
 .text.BSP_SD_WriteBlocks_DMA
                0x08005640       0x18 CMakeFiles/SDcard.elf.dir/FATFS/Target/bsp_driver_sd.c.obj
                0x08005640                BSP_SD_WriteBlocks_DMA
 .text.BSP_SD_GetCardState
                0x08005658       0x14 CMakeFiles/SDcard.elf.dir/FATFS/Target/bsp_driver_sd.c.obj
                0x08005658                BSP_SD_GetCardState
 .text.BSP_SD_GetCardInfo
                0x0800566c       0x10 CMakeFiles/SDcard.elf.dir/FATFS/Target/bsp_driver_sd.c.obj
                0x0800566c                BSP_SD_GetCardInfo
 .text.BSP_SD_AbortCallback
                0x0800567c        0x2 CMakeFiles/SDcard.elf.dir/FATFS/Target/bsp_driver_sd.c.obj
                0x0800567c                BSP_SD_AbortCallback
 .text.HAL_SD_AbortCallback
                0x0800567e        0x8 CMakeFiles/SDcard.elf.dir/FATFS/Target/bsp_driver_sd.c.obj
                0x0800567e                HAL_SD_AbortCallback
 .text.HAL_SD_TxCpltCallback
                0x08005686        0x8 CMakeFiles/SDcard.elf.dir/FATFS/Target/bsp_driver_sd.c.obj
                0x08005686                HAL_SD_TxCpltCallback
 .text.HAL_SD_RxCpltCallback
                0x0800568e        0x8 CMakeFiles/SDcard.elf.dir/FATFS/Target/bsp_driver_sd.c.obj
                0x0800568e                HAL_SD_RxCpltCallback
 .text.BSP_SD_IsDetected
                0x08005696       0x20 CMakeFiles/SDcard.elf.dir/FATFS/Target/bsp_driver_sd.c.obj
                0x08005696                BSP_SD_IsDetected
 *fill*         0x080056b6        0x2 
 .text.BSP_SD_Init
                0x080056b8       0x34 CMakeFiles/SDcard.elf.dir/FATFS/Target/bsp_driver_sd.c.obj
                0x080056b8                BSP_SD_Init
 .text.BSP_PlatformIsDetected
                0x080056ec       0x1c CMakeFiles/SDcard.elf.dir/FATFS/Target/fatfs_platform.c.obj
                0x080056ec                BSP_PlatformIsDetected
 .text.SD_CheckStatus
                0x08005708       0x24 CMakeFiles/SDcard.elf.dir/FATFS/Target/sd_diskio.c.obj
 .text.SD_initialize
                0x0800572c       0x74 CMakeFiles/SDcard.elf.dir/FATFS/Target/sd_diskio.c.obj
                0x0800572c                SD_initialize
 .text.SD_status
                0x080057a0        0x8 CMakeFiles/SDcard.elf.dir/FATFS/Target/sd_diskio.c.obj
                0x080057a0                SD_status
 .text.SD_CheckStatusWithTimeout
                0x080057a8       0x26 CMakeFiles/SDcard.elf.dir/FATFS/Target/sd_diskio.c.obj
 *fill*         0x080057ce        0x2 
 .text.SD_read  0x080057d0       0x74 CMakeFiles/SDcard.elf.dir/FATFS/Target/sd_diskio.c.obj
                0x080057d0                SD_read
 .text.SD_write
                0x08005844       0x74 CMakeFiles/SDcard.elf.dir/FATFS/Target/sd_diskio.c.obj
                0x08005844                SD_write
 .text.SD_ioctl
                0x080058b8       0x58 CMakeFiles/SDcard.elf.dir/FATFS/Target/sd_diskio.c.obj
                0x080058b8                SD_ioctl
 .text.BSP_SD_WriteCpltCallback
                0x08005910       0x14 CMakeFiles/SDcard.elf.dir/FATFS/Target/sd_diskio.c.obj
                0x08005910                BSP_SD_WriteCpltCallback
 .text.BSP_SD_ReadCpltCallback
                0x08005924       0x14 CMakeFiles/SDcard.elf.dir/FATFS/Target/sd_diskio.c.obj
                0x08005924                BSP_SD_ReadCpltCallback
 .text.disk_status
                0x08005938       0x18 CMakeFiles/SDcard.elf.dir/Middlewares/Third_Party/FatFs/src/diskio.c.obj
                0x08005938                disk_status
 .text.disk_initialize
                0x08005950       0x2c CMakeFiles/SDcard.elf.dir/Middlewares/Third_Party/FatFs/src/diskio.c.obj
                0x08005950                disk_initialize
 .text.disk_read
                0x0800597c       0x18 CMakeFiles/SDcard.elf.dir/Middlewares/Third_Party/FatFs/src/diskio.c.obj
                0x0800597c                disk_read
 .text.disk_write
                0x08005994       0x18 CMakeFiles/SDcard.elf.dir/Middlewares/Third_Party/FatFs/src/diskio.c.obj
                0x08005994                disk_write
 .text.disk_ioctl
                0x080059ac       0x18 CMakeFiles/SDcard.elf.dir/Middlewares/Third_Party/FatFs/src/diskio.c.obj
                0x080059ac                disk_ioctl
 .text.ld_word  0x080059c4        0xa CMakeFiles/SDcard.elf.dir/Middlewares/Third_Party/FatFs/src/ff.c.obj
 .text.ld_dword
                0x080059ce       0x16 CMakeFiles/SDcard.elf.dir/Middlewares/Third_Party/FatFs/src/ff.c.obj
 .text.st_word  0x080059e4        0x8 CMakeFiles/SDcard.elf.dir/Middlewares/Third_Party/FatFs/src/ff.c.obj
 .text.st_dword
                0x080059ec       0x14 CMakeFiles/SDcard.elf.dir/Middlewares/Third_Party/FatFs/src/ff.c.obj
 .text.mem_cpy  0x08005a00       0x14 CMakeFiles/SDcard.elf.dir/Middlewares/Third_Party/FatFs/src/ff.c.obj
 .text.mem_set  0x08005a14        0xa CMakeFiles/SDcard.elf.dir/Middlewares/Third_Party/FatFs/src/ff.c.obj
 .text.mem_cmp  0x08005a1e       0x1a CMakeFiles/SDcard.elf.dir/Middlewares/Third_Party/FatFs/src/ff.c.obj
 .text.chk_chr  0x08005a38       0x10 CMakeFiles/SDcard.elf.dir/Middlewares/Third_Party/FatFs/src/ff.c.obj
 .text.chk_lock
                0x08005a48       0x74 CMakeFiles/SDcard.elf.dir/Middlewares/Third_Party/FatFs/src/ff.c.obj
 .text.enq_lock
                0x08005abc       0x20 CMakeFiles/SDcard.elf.dir/Middlewares/Third_Party/FatFs/src/ff.c.obj
 .text.inc_lock
                0x08005adc       0xa4 CMakeFiles/SDcard.elf.dir/Middlewares/Third_Party/FatFs/src/ff.c.obj
 .text.dec_lock
                0x08005b80       0x40 CMakeFiles/SDcard.elf.dir/Middlewares/Third_Party/FatFs/src/ff.c.obj
 .text.clear_lock
                0x08005bc0       0x3c CMakeFiles/SDcard.elf.dir/Middlewares/Third_Party/FatFs/src/ff.c.obj
 .text.clust2sect
                0x08005bfc       0x18 CMakeFiles/SDcard.elf.dir/Middlewares/Third_Party/FatFs/src/ff.c.obj
 .text.clmt_clust
                0x08005c14       0x22 CMakeFiles/SDcard.elf.dir/Middlewares/Third_Party/FatFs/src/ff.c.obj
 .text.ld_clust
                0x08005c36       0x26 CMakeFiles/SDcard.elf.dir/Middlewares/Third_Party/FatFs/src/ff.c.obj
 .text.st_clust
                0x08005c5c       0x26 CMakeFiles/SDcard.elf.dir/Middlewares/Third_Party/FatFs/src/ff.c.obj
 *fill*         0x08005c82        0x2 
 .text.create_name
                0x08005c84       0xcc CMakeFiles/SDcard.elf.dir/Middlewares/Third_Party/FatFs/src/ff.c.obj
 .text.get_ldnumber
                0x08005d50       0x54 CMakeFiles/SDcard.elf.dir/Middlewares/Third_Party/FatFs/src/ff.c.obj
 .text.putc_init
                0x08005da4        0xa CMakeFiles/SDcard.elf.dir/Middlewares/Third_Party/FatFs/src/ff.c.obj
 .text.lock_fs  0x08005dae       0x14 CMakeFiles/SDcard.elf.dir/Middlewares/Third_Party/FatFs/src/ff.c.obj
 .text.sync_window
                0x08005dc2       0x54 CMakeFiles/SDcard.elf.dir/Middlewares/Third_Party/FatFs/src/ff.c.obj
 .text.move_window
                0x08005e16       0x36 CMakeFiles/SDcard.elf.dir/Middlewares/Third_Party/FatFs/src/ff.c.obj
 .text.check_fs
                0x08005e4c       0x78 CMakeFiles/SDcard.elf.dir/Middlewares/Third_Party/FatFs/src/ff.c.obj
 .text.find_volume
                0x08005ec4      0x310 CMakeFiles/SDcard.elf.dir/Middlewares/Third_Party/FatFs/src/ff.c.obj
 .text.put_fat  0x080061d4      0x10e CMakeFiles/SDcard.elf.dir/Middlewares/Third_Party/FatFs/src/ff.c.obj
 .text.get_fat  0x080062e2       0xd0 CMakeFiles/SDcard.elf.dir/Middlewares/Third_Party/FatFs/src/ff.c.obj
 .text.dir_sdi  0x080063b2       0xac CMakeFiles/SDcard.elf.dir/Middlewares/Third_Party/FatFs/src/ff.c.obj
 .text.create_chain
                0x0800645e       0xcc CMakeFiles/SDcard.elf.dir/Middlewares/Third_Party/FatFs/src/ff.c.obj
 .text.remove_chain
                0x0800652a       0x7e CMakeFiles/SDcard.elf.dir/Middlewares/Third_Party/FatFs/src/ff.c.obj
 .text.dir_next
                0x080065a8      0x108 CMakeFiles/SDcard.elf.dir/Middlewares/Third_Party/FatFs/src/ff.c.obj
 .text.dir_find
                0x080066b0       0x5a CMakeFiles/SDcard.elf.dir/Middlewares/Third_Party/FatFs/src/ff.c.obj
 .text.follow_path
                0x0800670a       0x8c CMakeFiles/SDcard.elf.dir/Middlewares/Third_Party/FatFs/src/ff.c.obj
 .text.dir_alloc
                0x08006796       0x50 CMakeFiles/SDcard.elf.dir/Middlewares/Third_Party/FatFs/src/ff.c.obj
 .text.dir_register
                0x080067e6       0x3e CMakeFiles/SDcard.elf.dir/Middlewares/Third_Party/FatFs/src/ff.c.obj
 .text.unlock_fs
                0x08006824       0x1c CMakeFiles/SDcard.elf.dir/Middlewares/Third_Party/FatFs/src/ff.c.obj
 .text.validate
                0x08006840       0x5c CMakeFiles/SDcard.elf.dir/Middlewares/Third_Party/FatFs/src/ff.c.obj
 .text.sync_fs  0x0800689c       0x8c CMakeFiles/SDcard.elf.dir/Middlewares/Third_Party/FatFs/src/ff.c.obj
 .text.f_mount  0x08006928       0x84 CMakeFiles/SDcard.elf.dir/Middlewares/Third_Party/FatFs/src/ff.c.obj
                0x08006928                f_mount
 .text.f_open   0x080069ac      0x22e CMakeFiles/SDcard.elf.dir/Middlewares/Third_Party/FatFs/src/ff.c.obj
                0x080069ac                f_open
 .text.f_write  0x08006bda      0x216 CMakeFiles/SDcard.elf.dir/Middlewares/Third_Party/FatFs/src/ff.c.obj
                0x08006bda                f_write
 .text.putc_bfd
                0x08006df0       0x4e CMakeFiles/SDcard.elf.dir/Middlewares/Third_Party/FatFs/src/ff.c.obj
 .text.putc_flush
                0x08006e3e       0x3a CMakeFiles/SDcard.elf.dir/Middlewares/Third_Party/FatFs/src/ff.c.obj
 .text.f_sync   0x08006e78       0xb0 CMakeFiles/SDcard.elf.dir/Middlewares/Third_Party/FatFs/src/ff.c.obj
                0x08006e78                f_sync
 .text.f_close  0x08006f28       0x3a CMakeFiles/SDcard.elf.dir/Middlewares/Third_Party/FatFs/src/ff.c.obj
                0x08006f28                f_close
 .text.f_lseek  0x08006f62      0x300 CMakeFiles/SDcard.elf.dir/Middlewares/Third_Party/FatFs/src/ff.c.obj
                0x08006f62                f_lseek
 .text.f_puts   0x08007262       0x26 CMakeFiles/SDcard.elf.dir/Middlewares/Third_Party/FatFs/src/ff.c.obj
                0x08007262                f_puts
 .text.f_printf
                0x08007288      0x238 CMakeFiles/SDcard.elf.dir/Middlewares/Third_Party/FatFs/src/ff.c.obj
                0x08007288                f_printf
 .text.FATFS_LinkDriverEx
                0x080074c0       0x54 CMakeFiles/SDcard.elf.dir/Middlewares/Third_Party/FatFs/src/ff_gen_drv.c.obj
                0x080074c0                FATFS_LinkDriverEx
 .text.FATFS_LinkDriver
                0x08007514        0xa CMakeFiles/SDcard.elf.dir/Middlewares/Third_Party/FatFs/src/ff_gen_drv.c.obj
                0x08007514                FATFS_LinkDriver
 .text.ff_cre_syncobj
                0x0800751e       0x20 CMakeFiles/SDcard.elf.dir/Middlewares/Third_Party/FatFs/src/option/syscall.c.obj
                0x0800751e                ff_cre_syncobj
 .text.ff_del_syncobj
                0x0800753e        0xa CMakeFiles/SDcard.elf.dir/Middlewares/Third_Party/FatFs/src/option/syscall.c.obj
                0x0800753e                ff_del_syncobj
 .text.ff_req_grant
                0x08007548       0x14 CMakeFiles/SDcard.elf.dir/Middlewares/Third_Party/FatFs/src/option/syscall.c.obj
                0x08007548                ff_req_grant
 .text.ff_rel_grant
                0x0800755c        0x8 CMakeFiles/SDcard.elf.dir/Middlewares/Third_Party/FatFs/src/option/syscall.c.obj
                0x0800755c                ff_rel_grant
 .text.makeFreeRtosPriority
                0x08007564        0xc CMakeFiles/SDcard.elf.dir/Middlewares/Third_Party/FreeRTOS/Source/CMSIS_RTOS/cmsis_os.c.obj
 .text.inHandlerMode
                0x08007570        0xc CMakeFiles/SDcard.elf.dir/Middlewares/Third_Party/FreeRTOS/Source/CMSIS_RTOS/cmsis_os.c.obj
 .text.osKernelStart
                0x0800757c        0xa CMakeFiles/SDcard.elf.dir/Middlewares/Third_Party/FreeRTOS/Source/CMSIS_RTOS/cmsis_os.c.obj
                0x0800757c                osKernelStart
 .text.osKernelRunning
                0x08007586       0x12 CMakeFiles/SDcard.elf.dir/Middlewares/Third_Party/FreeRTOS/Source/CMSIS_RTOS/cmsis_os.c.obj
                0x08007586                osKernelRunning
 .text.osKernelSysTick
                0x08007598       0x14 CMakeFiles/SDcard.elf.dir/Middlewares/Third_Party/FreeRTOS/Source/CMSIS_RTOS/cmsis_os.c.obj
                0x08007598                osKernelSysTick
 .text.osThreadCreate
                0x080075ac       0x6a CMakeFiles/SDcard.elf.dir/Middlewares/Third_Party/FreeRTOS/Source/CMSIS_RTOS/cmsis_os.c.obj
                0x080075ac                osThreadCreate
 .text.osDelay  0x08007616        0xe CMakeFiles/SDcard.elf.dir/Middlewares/Third_Party/FreeRTOS/Source/CMSIS_RTOS/cmsis_os.c.obj
                0x08007616                osDelay
 .text.osSemaphoreCreate
                0x08007624       0x48 CMakeFiles/SDcard.elf.dir/Middlewares/Third_Party/FreeRTOS/Source/CMSIS_RTOS/cmsis_os.c.obj
                0x08007624                osSemaphoreCreate
 .text.osSemaphoreWait
                0x0800766c       0x5e CMakeFiles/SDcard.elf.dir/Middlewares/Third_Party/FreeRTOS/Source/CMSIS_RTOS/cmsis_os.c.obj
                0x0800766c                osSemaphoreWait
 .text.osSemaphoreRelease
                0x080076ca       0x5a CMakeFiles/SDcard.elf.dir/Middlewares/Third_Party/FreeRTOS/Source/CMSIS_RTOS/cmsis_os.c.obj
                0x080076ca                osSemaphoreRelease
 .text.osSemaphoreDelete
                0x08007724       0x18 CMakeFiles/SDcard.elf.dir/Middlewares/Third_Party/FreeRTOS/Source/CMSIS_RTOS/cmsis_os.c.obj
                0x08007724                osSemaphoreDelete
 .text.osMessageCreate
                0x0800773c       0x2a CMakeFiles/SDcard.elf.dir/Middlewares/Third_Party/FreeRTOS/Source/CMSIS_RTOS/cmsis_os.c.obj
                0x0800773c                osMessageCreate
 .text.osMessagePut
                0x08007766       0x66 CMakeFiles/SDcard.elf.dir/Middlewares/Third_Party/FreeRTOS/Source/CMSIS_RTOS/cmsis_os.c.obj
                0x08007766                osMessagePut
 .text.osMessageGet
                0x080077cc       0x88 CMakeFiles/SDcard.elf.dir/Middlewares/Third_Party/FreeRTOS/Source/CMSIS_RTOS/cmsis_os.c.obj
                0x080077cc                osMessageGet
 .text.vListInitialise
                0x08007854       0x16 CMakeFiles/SDcard.elf.dir/Middlewares/Third_Party/FreeRTOS/Source/list.c.obj
                0x08007854                vListInitialise
 .text.vListInitialiseItem
                0x0800786a        0x6 CMakeFiles/SDcard.elf.dir/Middlewares/Third_Party/FreeRTOS/Source/list.c.obj
                0x0800786a                vListInitialiseItem
 .text.vListInsertEnd
                0x08007870       0x16 CMakeFiles/SDcard.elf.dir/Middlewares/Third_Party/FreeRTOS/Source/list.c.obj
                0x08007870                vListInsertEnd
 .text.vListInsert
                0x08007886       0x32 CMakeFiles/SDcard.elf.dir/Middlewares/Third_Party/FreeRTOS/Source/list.c.obj
                0x08007886                vListInsert
 .text.uxListRemove
                0x080078b8       0x26 CMakeFiles/SDcard.elf.dir/Middlewares/Third_Party/FreeRTOS/Source/list.c.obj
                0x080078b8                uxListRemove
 *fill*         0x080078de        0x2 
 .text.prvTaskExitError
                0x080078e0       0x40 CMakeFiles/SDcard.elf.dir/Middlewares/Third_Party/FreeRTOS/Source/portable/GCC/ARM_CM4F/port.c.obj
 .text.prvPortStartFirstTask
                0x08007920       0x28 CMakeFiles/SDcard.elf.dir/Middlewares/Third_Party/FreeRTOS/Source/portable/GCC/ARM_CM4F/port.c.obj
 .text.vPortEnableVFP
                0x08007948       0x14 CMakeFiles/SDcard.elf.dir/Middlewares/Third_Party/FreeRTOS/Source/portable/GCC/ARM_CM4F/port.c.obj
 .text.pxPortInitialiseStack
                0x0800795c       0x2c CMakeFiles/SDcard.elf.dir/Middlewares/Third_Party/FreeRTOS/Source/portable/GCC/ARM_CM4F/port.c.obj
                0x0800795c                pxPortInitialiseStack
 *fill*         0x08007988        0x8 
 .text.SVC_Handler
                0x08007990       0x24 CMakeFiles/SDcard.elf.dir/Middlewares/Third_Party/FreeRTOS/Source/portable/GCC/ARM_CM4F/port.c.obj
                0x08007990                SVC_Handler
 .text.vPortEnterCritical
                0x080079b4       0x44 CMakeFiles/SDcard.elf.dir/Middlewares/Third_Party/FreeRTOS/Source/portable/GCC/ARM_CM4F/port.c.obj
                0x080079b4                vPortEnterCritical
 .text.vPortExitCritical
                0x080079f8       0x2c CMakeFiles/SDcard.elf.dir/Middlewares/Third_Party/FreeRTOS/Source/portable/GCC/ARM_CM4F/port.c.obj
                0x080079f8                vPortExitCritical
 *fill*         0x08007a24        0xc 
 .text.PendSV_Handler
                0x08007a30       0x64 CMakeFiles/SDcard.elf.dir/Middlewares/Third_Party/FreeRTOS/Source/portable/GCC/ARM_CM4F/port.c.obj
                0x08007a30                PendSV_Handler
 .text.xPortSysTickHandler
                0x08007a94       0x2c CMakeFiles/SDcard.elf.dir/Middlewares/Third_Party/FreeRTOS/Source/portable/GCC/ARM_CM4F/port.c.obj
                0x08007a94                xPortSysTickHandler
 .text.vPortSetupTimerInterrupt
                0x08007ac0       0x28 CMakeFiles/SDcard.elf.dir/Middlewares/Third_Party/FreeRTOS/Source/portable/GCC/ARM_CM4F/port.c.obj
                0x08007ac0                vPortSetupTimerInterrupt
 .text.xPortStartScheduler
                0x08007ae8      0x118 CMakeFiles/SDcard.elf.dir/Middlewares/Third_Party/FreeRTOS/Source/portable/GCC/ARM_CM4F/port.c.obj
                0x08007ae8                xPortStartScheduler
 .text.vPortValidateInterruptPriority
                0x08007c00       0x5c CMakeFiles/SDcard.elf.dir/Middlewares/Third_Party/FreeRTOS/Source/portable/GCC/ARM_CM4F/port.c.obj
                0x08007c00                vPortValidateInterruptPriority
 .text.prvHeapInit
                0x08007c5c       0x64 CMakeFiles/SDcard.elf.dir/Middlewares/Third_Party/FreeRTOS/Source/portable/MemMang/heap_4.c.obj
 .text.prvInsertBlockIntoFreeList
                0x08007cc0       0x64 CMakeFiles/SDcard.elf.dir/Middlewares/Third_Party/FreeRTOS/Source/portable/MemMang/heap_4.c.obj
 .text.pvPortMalloc
                0x08007d24       0xfc CMakeFiles/SDcard.elf.dir/Middlewares/Third_Party/FreeRTOS/Source/portable/MemMang/heap_4.c.obj
                0x08007d24                pvPortMalloc
 .text.vPortFree
                0x08007e20       0x7c CMakeFiles/SDcard.elf.dir/Middlewares/Third_Party/FreeRTOS/Source/portable/MemMang/heap_4.c.obj
                0x08007e20                vPortFree
 .text.prvGetDisinheritPriorityAfterTimeout
                0x08007e9c       0x10 CMakeFiles/SDcard.elf.dir/Middlewares/Third_Party/FreeRTOS/Source/queue.c.obj
 .text.prvIsQueueFull
                0x08007eac       0x1e CMakeFiles/SDcard.elf.dir/Middlewares/Third_Party/FreeRTOS/Source/queue.c.obj
 .text.prvIsQueueEmpty
                0x08007eca       0x1a CMakeFiles/SDcard.elf.dir/Middlewares/Third_Party/FreeRTOS/Source/queue.c.obj
 .text.prvCopyDataToQueue
                0x08007ee4       0x76 CMakeFiles/SDcard.elf.dir/Middlewares/Third_Party/FreeRTOS/Source/queue.c.obj
 .text.prvCopyDataFromQueue
                0x08007f5a       0x24 CMakeFiles/SDcard.elf.dir/Middlewares/Third_Party/FreeRTOS/Source/queue.c.obj
 .text.prvUnlockQueue
                0x08007f7e       0x6e CMakeFiles/SDcard.elf.dir/Middlewares/Third_Party/FreeRTOS/Source/queue.c.obj
 .text.xQueueGenericReset
                0x08007fec       0x84 CMakeFiles/SDcard.elf.dir/Middlewares/Third_Party/FreeRTOS/Source/queue.c.obj
                0x08007fec                xQueueGenericReset
 .text.prvInitialiseNewQueue
                0x08008070       0x1c CMakeFiles/SDcard.elf.dir/Middlewares/Third_Party/FreeRTOS/Source/queue.c.obj
 .text.xQueueGenericCreateStatic
                0x0800808c       0x94 CMakeFiles/SDcard.elf.dir/Middlewares/Third_Party/FreeRTOS/Source/queue.c.obj
                0x0800808c                xQueueGenericCreateStatic
 .text.xQueueGenericCreate
                0x08008120       0x48 CMakeFiles/SDcard.elf.dir/Middlewares/Third_Party/FreeRTOS/Source/queue.c.obj
                0x08008120                xQueueGenericCreate
 .text.xQueueGenericSend
                0x08008168      0x188 CMakeFiles/SDcard.elf.dir/Middlewares/Third_Party/FreeRTOS/Source/queue.c.obj
                0x08008168                xQueueGenericSend
 .text.xQueueGenericSendFromISR
                0x080082f0       0xce CMakeFiles/SDcard.elf.dir/Middlewares/Third_Party/FreeRTOS/Source/queue.c.obj
                0x080082f0                xQueueGenericSendFromISR
 .text.xQueueGiveFromISR
                0x080083be       0xb2 CMakeFiles/SDcard.elf.dir/Middlewares/Third_Party/FreeRTOS/Source/queue.c.obj
                0x080083be                xQueueGiveFromISR
 .text.xQueueReceive
                0x08008470      0x15e CMakeFiles/SDcard.elf.dir/Middlewares/Third_Party/FreeRTOS/Source/queue.c.obj
                0x08008470                xQueueReceive
 .text.xQueueSemaphoreTake
                0x080085ce      0x1a6 CMakeFiles/SDcard.elf.dir/Middlewares/Third_Party/FreeRTOS/Source/queue.c.obj
                0x080085ce                xQueueSemaphoreTake
 .text.xQueueReceiveFromISR
                0x08008774       0xa8 CMakeFiles/SDcard.elf.dir/Middlewares/Third_Party/FreeRTOS/Source/queue.c.obj
                0x08008774                xQueueReceiveFromISR
 .text.vQueueUnregisterQueue
                0x0800881c       0x2c CMakeFiles/SDcard.elf.dir/Middlewares/Third_Party/FreeRTOS/Source/queue.c.obj
                0x0800881c                vQueueUnregisterQueue
 .text.vQueueDelete
                0x08008848       0x2c CMakeFiles/SDcard.elf.dir/Middlewares/Third_Party/FreeRTOS/Source/queue.c.obj
                0x08008848                vQueueDelete
 .text.prvResetNextTaskUnblockTime
                0x08008874       0x2c CMakeFiles/SDcard.elf.dir/Middlewares/Third_Party/FreeRTOS/Source/tasks.c.obj
 .text.prvInitialiseNewTask
                0x080088a0       0xa2 CMakeFiles/SDcard.elf.dir/Middlewares/Third_Party/FreeRTOS/Source/tasks.c.obj
 *fill*         0x08008942        0x2 
 .text.prvInitialiseTaskLists
                0x08008944       0x68 CMakeFiles/SDcard.elf.dir/Middlewares/Third_Party/FreeRTOS/Source/tasks.c.obj
 .text.prvAddNewTaskToReadyList
                0x080089ac       0xa8 CMakeFiles/SDcard.elf.dir/Middlewares/Third_Party/FreeRTOS/Source/tasks.c.obj
 .text.prvDeleteTCB
                0x08008a54       0x38 CMakeFiles/SDcard.elf.dir/Middlewares/Third_Party/FreeRTOS/Source/tasks.c.obj
 .text.prvCheckTasksWaitingTermination
                0x08008a8c       0x4c CMakeFiles/SDcard.elf.dir/Middlewares/Third_Party/FreeRTOS/Source/tasks.c.obj
 .text.prvIdleTask
                0x08008ad8       0x28 CMakeFiles/SDcard.elf.dir/Middlewares/Third_Party/FreeRTOS/Source/tasks.c.obj
 .text.prvAddCurrentTaskToDelayedList
                0x08008b00       0x98 CMakeFiles/SDcard.elf.dir/Middlewares/Third_Party/FreeRTOS/Source/tasks.c.obj
 .text.xTaskCreateStatic
                0x08008b98       0x76 CMakeFiles/SDcard.elf.dir/Middlewares/Third_Party/FreeRTOS/Source/tasks.c.obj
                0x08008b98                xTaskCreateStatic
 .text.xTaskCreate
                0x08008c0e       0x68 CMakeFiles/SDcard.elf.dir/Middlewares/Third_Party/FreeRTOS/Source/tasks.c.obj
                0x08008c0e                xTaskCreate
 *fill*         0x08008c76        0x2 
 .text.vTaskStartScheduler
                0x08008c78       0x74 CMakeFiles/SDcard.elf.dir/Middlewares/Third_Party/FreeRTOS/Source/tasks.c.obj
                0x08008c78                vTaskStartScheduler
 .text.vTaskSuspendAll
                0x08008cec       0x10 CMakeFiles/SDcard.elf.dir/Middlewares/Third_Party/FreeRTOS/Source/tasks.c.obj
                0x08008cec                vTaskSuspendAll
 .text.xTaskGetTickCount
                0x08008cfc        0xc CMakeFiles/SDcard.elf.dir/Middlewares/Third_Party/FreeRTOS/Source/tasks.c.obj
                0x08008cfc                xTaskGetTickCount
 .text.xTaskGetTickCountFromISR
                0x08008d08       0x10 CMakeFiles/SDcard.elf.dir/Middlewares/Third_Party/FreeRTOS/Source/tasks.c.obj
                0x08008d08                xTaskGetTickCountFromISR
 .text.xTaskIncrementTick
                0x08008d18      0x118 CMakeFiles/SDcard.elf.dir/Middlewares/Third_Party/FreeRTOS/Source/tasks.c.obj
                0x08008d18                xTaskIncrementTick
 .text.xTaskResumeAll
                0x08008e30       0xf8 CMakeFiles/SDcard.elf.dir/Middlewares/Third_Party/FreeRTOS/Source/tasks.c.obj
                0x08008e30                xTaskResumeAll
 .text.vTaskDelayUntil
                0x08008f28       0xa4 CMakeFiles/SDcard.elf.dir/Middlewares/Third_Party/FreeRTOS/Source/tasks.c.obj
                0x08008f28                vTaskDelayUntil
 .text.vTaskDelay
                0x08008fcc       0x4c CMakeFiles/SDcard.elf.dir/Middlewares/Third_Party/FreeRTOS/Source/tasks.c.obj
                0x08008fcc                vTaskDelay
 .text.vTaskSwitchContext
                0x08009018       0x98 CMakeFiles/SDcard.elf.dir/Middlewares/Third_Party/FreeRTOS/Source/tasks.c.obj
                0x08009018                vTaskSwitchContext
 .text.vTaskPlaceOnEventList
                0x080090b0       0x30 CMakeFiles/SDcard.elf.dir/Middlewares/Third_Party/FreeRTOS/Source/tasks.c.obj
                0x080090b0                vTaskPlaceOnEventList
 .text.xTaskRemoveFromEventList
                0x080090e0       0x8c CMakeFiles/SDcard.elf.dir/Middlewares/Third_Party/FreeRTOS/Source/tasks.c.obj
                0x080090e0                xTaskRemoveFromEventList
 .text.vTaskInternalSetTimeOutState
                0x0800916c       0x18 CMakeFiles/SDcard.elf.dir/Middlewares/Third_Party/FreeRTOS/Source/tasks.c.obj
                0x0800916c                vTaskInternalSetTimeOutState
 .text.xTaskCheckForTimeOut
                0x08009184       0x84 CMakeFiles/SDcard.elf.dir/Middlewares/Third_Party/FreeRTOS/Source/tasks.c.obj
                0x08009184                xTaskCheckForTimeOut
 .text.vTaskMissedYield
                0x08009208        0xc CMakeFiles/SDcard.elf.dir/Middlewares/Third_Party/FreeRTOS/Source/tasks.c.obj
                0x08009208                vTaskMissedYield
 .text.xTaskGetSchedulerState
                0x08009214       0x20 CMakeFiles/SDcard.elf.dir/Middlewares/Third_Party/FreeRTOS/Source/tasks.c.obj
                0x08009214                xTaskGetSchedulerState
 .text.xTaskPriorityInherit
                0x08009234       0xac CMakeFiles/SDcard.elf.dir/Middlewares/Third_Party/FreeRTOS/Source/tasks.c.obj
                0x08009234                xTaskPriorityInherit
 .text.xTaskPriorityDisinherit
                0x080092e0       0xb4 CMakeFiles/SDcard.elf.dir/Middlewares/Third_Party/FreeRTOS/Source/tasks.c.obj
                0x080092e0                xTaskPriorityDisinherit
 .text.vTaskPriorityDisinheritAfterTimeout
                0x08009394       0xb4 CMakeFiles/SDcard.elf.dir/Middlewares/Third_Party/FreeRTOS/Source/tasks.c.obj
                0x08009394                vTaskPriorityDisinheritAfterTimeout
 .text.pvTaskIncrementMutexHeldCount
                0x08009448       0x1c CMakeFiles/SDcard.elf.dir/Middlewares/Third_Party/FreeRTOS/Source/tasks.c.obj
                0x08009448                pvTaskIncrementMutexHeldCount
 .text._Z18fatTest_Write_InitPc
                0x08009464       0x74 CMakeFiles/SDcard.elf.dir/User/SDIO/file_opera.cpp.obj
                0x08009464                fatTest_Write_Init(char*)
 .text._Z20fatTest_WriteTXTFilePciz
                0x080094d8       0x58 CMakeFiles/SDcard.elf.dir/User/SDIO/file_opera.cpp.obj
                0x080094d8                fatTest_WriteTXTFile(char*, int, ...)
 .text.sd_write
                0x08009530       0xc8 CMakeFiles/SDcard.elf.dir/User/TASK/sd_write.cpp.obj
                0x08009530                sd_write
 .text._Z8BSP_Initv
                0x080095f8       0x24 CMakeFiles/SDcard.elf.dir/User/main.cpp.obj
                0x080095f8                BSP_Init()
 .text.main     0x0800961c       0x12 CMakeFiles/SDcard.elf.dir/User/main.cpp.obj
                0x0800961c                main
 *fill*         0x0800962e        0x2 
 .text.abort    0x08009630       0x10 e:/stm32_clion_toolchain/gcc-arm-none-eabi-10.3-2021.10-win32/gcc-arm-none-eabi-10.3-2021.10/bin/../lib/gcc/arm-none-eabi/10.3.1/../../../../arm-none-eabi/lib/thumb/v7e-m+fp/hard\libg.a(lib_a-abort.o)
                0x08009630                abort
 .text.__errno  0x08009640        0xc e:/stm32_clion_toolchain/gcc-arm-none-eabi-10.3-2021.10-win32/gcc-arm-none-eabi-10.3-2021.10/bin/../lib/gcc/arm-none-eabi/10.3.1/../../../../arm-none-eabi/lib/thumb/v7e-m+fp/hard\libg.a(lib_a-errno.o)
                0x08009640                __errno
 .text.__libc_init_array
                0x0800964c       0x48 e:/stm32_clion_toolchain/gcc-arm-none-eabi-10.3-2021.10-win32/gcc-arm-none-eabi-10.3-2021.10/bin/../lib/gcc/arm-none-eabi/10.3.1/../../../../arm-none-eabi/lib/thumb/v7e-m+fp/hard\libg.a(lib_a-init.o)
                0x0800964c                __libc_init_array
 .text.memset   0x08009694       0xa4 e:/stm32_clion_toolchain/gcc-arm-none-eabi-10.3-2021.10-win32/gcc-arm-none-eabi-10.3-2021.10/bin/../lib/gcc/arm-none-eabi/10.3.1/../../../../arm-none-eabi/lib/thumb/v7e-m+fp/hard\libg.a(lib_a-memset.o)
                0x08009694                memset
 .text.raise    0x08009738       0x5c e:/stm32_clion_toolchain/gcc-arm-none-eabi-10.3-2021.10-win32/gcc-arm-none-eabi-10.3-2021.10/bin/../lib/gcc/arm-none-eabi/10.3.1/../../../../arm-none-eabi/lib/thumb/v7e-m+fp/hard\libg.a(lib_a-signal.o)
                0x08009738                raise
 .text._kill_r  0x08009794       0x2c e:/stm32_clion_toolchain/gcc-arm-none-eabi-10.3-2021.10-win32/gcc-arm-none-eabi-10.3-2021.10/bin/../lib/gcc/arm-none-eabi/10.3.1/../../../../arm-none-eabi/lib/thumb/v7e-m+fp/hard\libg.a(lib_a-signalr.o)
                0x08009794                _kill_r
 .text._getpid_r
                0x080097c0        0x4 e:/stm32_clion_toolchain/gcc-arm-none-eabi-10.3-2021.10-win32/gcc-arm-none-eabi-10.3-2021.10/bin/../lib/gcc/arm-none-eabi/10.3.1/../../../../arm-none-eabi/lib/thumb/v7e-m+fp/hard\libg.a(lib_a-signalr.o)
                0x080097c0                _getpid_r
 *fill*         0x080097c4        0x4 
 .text._svfprintf_r
                0x080097c8     0x1acc e:/stm32_clion_toolchain/gcc-arm-none-eabi-10.3-2021.10-win32/gcc-arm-none-eabi-10.3-2021.10/bin/../lib/gcc/arm-none-eabi/10.3.1/../../../../arm-none-eabi/lib/thumb/v7e-m+fp/hard\libg.a(lib_a-svfprintf.o)
                0x080097c8                _svfprintf_r
 .text.vsnprintf
                0x0800b294       0x70 e:/stm32_clion_toolchain/gcc-arm-none-eabi-10.3-2021.10-win32/gcc-arm-none-eabi-10.3-2021.10/bin/../lib/gcc/arm-none-eabi/10.3.1/../../../../arm-none-eabi/lib/thumb/v7e-m+fp/hard\libg.a(lib_a-vsnprintf.o)
                0x0800b294                vsnprintf
 .text.startup.register_fini
                0x0800b304       0x14 e:/stm32_clion_toolchain/gcc-arm-none-eabi-10.3-2021.10-win32/gcc-arm-none-eabi-10.3-2021.10/bin/../lib/gcc/arm-none-eabi/10.3.1/../../../../arm-none-eabi/lib/thumb/v7e-m+fp/hard\libg.a(lib_a-__call_atexit.o)
 .text.atexit   0x0800b318        0xc e:/stm32_clion_toolchain/gcc-arm-none-eabi-10.3-2021.10-win32/gcc-arm-none-eabi-10.3-2021.10/bin/../lib/gcc/arm-none-eabi/10.3.1/../../../../arm-none-eabi/lib/thumb/v7e-m+fp/hard\libg.a(lib_a-atexit.o)
                0x0800b318                atexit
 .text.quorem   0x0800b324      0x128 e:/stm32_clion_toolchain/gcc-arm-none-eabi-10.3-2021.10-win32/gcc-arm-none-eabi-10.3-2021.10/bin/../lib/gcc/arm-none-eabi/10.3.1/../../../../arm-none-eabi/lib/thumb/v7e-m+fp/hard\libg.a(lib_a-dtoa.o)
 *fill*         0x0800b44c        0x4 
 .text._dtoa_r  0x0800b450      0xf3c e:/stm32_clion_toolchain/gcc-arm-none-eabi-10.3-2021.10-win32/gcc-arm-none-eabi-10.3-2021.10/bin/../lib/gcc/arm-none-eabi/10.3.1/../../../../arm-none-eabi/lib/thumb/v7e-m+fp/hard\libg.a(lib_a-dtoa.o)
                0x0800b450                _dtoa_r
 .text.__libc_fini_array
                0x0800c38c       0x2c e:/stm32_clion_toolchain/gcc-arm-none-eabi-10.3-2021.10-win32/gcc-arm-none-eabi-10.3-2021.10/bin/../lib/gcc/arm-none-eabi/10.3.1/../../../../arm-none-eabi/lib/thumb/v7e-m+fp/hard\libg.a(lib_a-fini.o)
                0x0800c38c                __libc_fini_array
 .text._malloc_trim_r
                0x0800c3b8       0xa0 e:/stm32_clion_toolchain/gcc-arm-none-eabi-10.3-2021.10-win32/gcc-arm-none-eabi-10.3-2021.10/bin/../lib/gcc/arm-none-eabi/10.3.1/../../../../arm-none-eabi/lib/thumb/v7e-m+fp/hard\libg.a(lib_a-freer.o)
                0x0800c3b8                _malloc_trim_r
 .text._free_r  0x0800c458      0x20c e:/stm32_clion_toolchain/gcc-arm-none-eabi-10.3-2021.10-win32/gcc-arm-none-eabi-10.3-2021.10/bin/../lib/gcc/arm-none-eabi/10.3.1/../../../../arm-none-eabi/lib/thumb/v7e-m+fp/hard\libg.a(lib_a-freer.o)
                0x0800c458                _free_r
 .text._localeconv_r
                0x0800c664        0x8 e:/stm32_clion_toolchain/gcc-arm-none-eabi-10.3-2021.10-win32/gcc-arm-none-eabi-10.3-2021.10/bin/../lib/gcc/arm-none-eabi/10.3.1/../../../../arm-none-eabi/lib/thumb/v7e-m+fp/hard\libg.a(lib_a-localeconv.o)
                0x0800c664                _localeconv_r
 .text.__retarget_lock_init_recursive
                0x0800c66c        0x4 e:/stm32_clion_toolchain/gcc-arm-none-eabi-10.3-2021.10-win32/gcc-arm-none-eabi-10.3-2021.10/bin/../lib/gcc/arm-none-eabi/10.3.1/../../../../arm-none-eabi/lib/thumb/v7e-m+fp/hard\libg.a(lib_a-lock.o)
                0x0800c66c                __retarget_lock_init_recursive
 .text.__retarget_lock_close_recursive
                0x0800c670        0x4 e:/stm32_clion_toolchain/gcc-arm-none-eabi-10.3-2021.10-win32/gcc-arm-none-eabi-10.3-2021.10/bin/../lib/gcc/arm-none-eabi/10.3.1/../../../../arm-none-eabi/lib/thumb/v7e-m+fp/hard\libg.a(lib_a-lock.o)
                0x0800c670                __retarget_lock_close_recursive
 .text.__retarget_lock_acquire_recursive
                0x0800c674        0x4 e:/stm32_clion_toolchain/gcc-arm-none-eabi-10.3-2021.10-win32/gcc-arm-none-eabi-10.3-2021.10/bin/../lib/gcc/arm-none-eabi/10.3.1/../../../../arm-none-eabi/lib/thumb/v7e-m+fp/hard\libg.a(lib_a-lock.o)
                0x0800c674                __retarget_lock_acquire_recursive
 .text.__retarget_lock_release_recursive
                0x0800c678        0x4 e:/stm32_clion_toolchain/gcc-arm-none-eabi-10.3-2021.10-win32/gcc-arm-none-eabi-10.3-2021.10/bin/../lib/gcc/arm-none-eabi/10.3.1/../../../../arm-none-eabi/lib/thumb/v7e-m+fp/hard\libg.a(lib_a-lock.o)
                0x0800c678                __retarget_lock_release_recursive
 .text._malloc_r
                0x0800c67c      0x560 e:/stm32_clion_toolchain/gcc-arm-none-eabi-10.3-2021.10-win32/gcc-arm-none-eabi-10.3-2021.10/bin/../lib/gcc/arm-none-eabi/10.3.1/../../../../arm-none-eabi/lib/thumb/v7e-m+fp/hard\libg.a(lib_a-mallocr.o)
                0x0800c67c                _malloc_r
 .text.__malloc_lock
                0x0800cbdc        0xc e:/stm32_clion_toolchain/gcc-arm-none-eabi-10.3-2021.10-win32/gcc-arm-none-eabi-10.3-2021.10/bin/../lib/gcc/arm-none-eabi/10.3.1/../../../../arm-none-eabi/lib/thumb/v7e-m+fp/hard\libg.a(lib_a-mlock.o)
                0x0800cbdc                __malloc_lock
 .text.__malloc_unlock
                0x0800cbe8        0xc e:/stm32_clion_toolchain/gcc-arm-none-eabi-10.3-2021.10-win32/gcc-arm-none-eabi-10.3-2021.10/bin/../lib/gcc/arm-none-eabi/10.3.1/../../../../arm-none-eabi/lib/thumb/v7e-m+fp/hard\libg.a(lib_a-mlock.o)
                0x0800cbe8                __malloc_unlock
 .text._Balloc  0x0800cbf4       0x4c e:/stm32_clion_toolchain/gcc-arm-none-eabi-10.3-2021.10-win32/gcc-arm-none-eabi-10.3-2021.10/bin/../lib/gcc/arm-none-eabi/10.3.1/../../../../arm-none-eabi/lib/thumb/v7e-m+fp/hard\libg.a(lib_a-mprec.o)
                0x0800cbf4                _Balloc
 .text._Bfree   0x0800cc40       0x14 e:/stm32_clion_toolchain/gcc-arm-none-eabi-10.3-2021.10-win32/gcc-arm-none-eabi-10.3-2021.10/bin/../lib/gcc/arm-none-eabi/10.3.1/../../../../arm-none-eabi/lib/thumb/v7e-m+fp/hard\libg.a(lib_a-mprec.o)
                0x0800cc40                _Bfree
 .text.__multadd
                0x0800cc54       0xa8 e:/stm32_clion_toolchain/gcc-arm-none-eabi-10.3-2021.10-win32/gcc-arm-none-eabi-10.3-2021.10/bin/../lib/gcc/arm-none-eabi/10.3.1/../../../../arm-none-eabi/lib/thumb/v7e-m+fp/hard\libg.a(lib_a-mprec.o)
                0x0800cc54                __multadd
 .text.__hi0bits
                0x0800ccfc       0x40 e:/stm32_clion_toolchain/gcc-arm-none-eabi-10.3-2021.10-win32/gcc-arm-none-eabi-10.3-2021.10/bin/../lib/gcc/arm-none-eabi/10.3.1/../../../../arm-none-eabi/lib/thumb/v7e-m+fp/hard\libg.a(lib_a-mprec.o)
                0x0800ccfc                __hi0bits
 .text.__lo0bits
                0x0800cd3c       0x60 e:/stm32_clion_toolchain/gcc-arm-none-eabi-10.3-2021.10-win32/gcc-arm-none-eabi-10.3-2021.10/bin/../lib/gcc/arm-none-eabi/10.3.1/../../../../arm-none-eabi/lib/thumb/v7e-m+fp/hard\libg.a(lib_a-mprec.o)
                0x0800cd3c                __lo0bits
 .text.__i2b    0x0800cd9c       0x5c e:/stm32_clion_toolchain/gcc-arm-none-eabi-10.3-2021.10-win32/gcc-arm-none-eabi-10.3-2021.10/bin/../lib/gcc/arm-none-eabi/10.3.1/../../../../arm-none-eabi/lib/thumb/v7e-m+fp/hard\libg.a(lib_a-mprec.o)
                0x0800cd9c                __i2b
 .text.__multiply
                0x0800cdf8      0x15c e:/stm32_clion_toolchain/gcc-arm-none-eabi-10.3-2021.10-win32/gcc-arm-none-eabi-10.3-2021.10/bin/../lib/gcc/arm-none-eabi/10.3.1/../../../../arm-none-eabi/lib/thumb/v7e-m+fp/hard\libg.a(lib_a-mprec.o)
                0x0800cdf8                __multiply
 .text.__pow5mult
                0x0800cf54       0xc0 e:/stm32_clion_toolchain/gcc-arm-none-eabi-10.3-2021.10-win32/gcc-arm-none-eabi-10.3-2021.10/bin/../lib/gcc/arm-none-eabi/10.3.1/../../../../arm-none-eabi/lib/thumb/v7e-m+fp/hard\libg.a(lib_a-mprec.o)
                0x0800cf54                __pow5mult
 .text.__lshift
                0x0800d014       0xf0 e:/stm32_clion_toolchain/gcc-arm-none-eabi-10.3-2021.10-win32/gcc-arm-none-eabi-10.3-2021.10/bin/../lib/gcc/arm-none-eabi/10.3.1/../../../../arm-none-eabi/lib/thumb/v7e-m+fp/hard\libg.a(lib_a-mprec.o)
                0x0800d014                __lshift
 .text.__mcmp   0x0800d104       0x44 e:/stm32_clion_toolchain/gcc-arm-none-eabi-10.3-2021.10-win32/gcc-arm-none-eabi-10.3-2021.10/bin/../lib/gcc/arm-none-eabi/10.3.1/../../../../arm-none-eabi/lib/thumb/v7e-m+fp/hard\libg.a(lib_a-mprec.o)
                0x0800d104                __mcmp
 .text.__mdiff  0x0800d148      0x14c e:/stm32_clion_toolchain/gcc-arm-none-eabi-10.3-2021.10-win32/gcc-arm-none-eabi-10.3-2021.10/bin/../lib/gcc/arm-none-eabi/10.3.1/../../../../arm-none-eabi/lib/thumb/v7e-m+fp/hard\libg.a(lib_a-mprec.o)
                0x0800d148                __mdiff
 .text.__d2b    0x0800d294       0xd0 e:/stm32_clion_toolchain/gcc-arm-none-eabi-10.3-2021.10-win32/gcc-arm-none-eabi-10.3-2021.10/bin/../lib/gcc/arm-none-eabi/10.3.1/../../../../arm-none-eabi/lib/thumb/v7e-m+fp/hard\libg.a(lib_a-mprec.o)
                0x0800d294                __d2b
 .text.frexp    0x0800d364       0x6c e:/stm32_clion_toolchain/gcc-arm-none-eabi-10.3-2021.10-win32/gcc-arm-none-eabi-10.3-2021.10/bin/../lib/gcc/arm-none-eabi/10.3.1/../../../../arm-none-eabi/lib/thumb/v7e-m+fp/hard\libg.a(lib_a-s_frexp.o)
                0x0800d364                frexp
 .text._sbrk_r  0x0800d3d0       0x24 e:/stm32_clion_toolchain/gcc-arm-none-eabi-10.3-2021.10-win32/gcc-arm-none-eabi-10.3-2021.10/bin/../lib/gcc/arm-none-eabi/10.3.1/../../../../arm-none-eabi/lib/thumb/v7e-m+fp/hard\libg.a(lib_a-sbrkr.o)
                0x0800d3d0                _sbrk_r
 .text.strncpy  0x0800d3f4       0x64 e:/stm32_clion_toolchain/gcc-arm-none-eabi-10.3-2021.10-win32/gcc-arm-none-eabi-10.3-2021.10/bin/../lib/gcc/arm-none-eabi/10.3.1/../../../../arm-none-eabi/lib/thumb/v7e-m+fp/hard\libg.a(lib_a-strncpy.o)
                0x0800d3f4                strncpy
 .text.__ssprint_r
                0x0800d458       0xf8 e:/stm32_clion_toolchain/gcc-arm-none-eabi-10.3-2021.10-win32/gcc-arm-none-eabi-10.3-2021.10/bin/../lib/gcc/arm-none-eabi/10.3.1/../../../../arm-none-eabi/lib/thumb/v7e-m+fp/hard\libg.a(lib_a-svfiprintf.o)
                0x0800d458                __ssprint_r
 .text.__register_exitproc
                0x0800d550       0x8c e:/stm32_clion_toolchain/gcc-arm-none-eabi-10.3-2021.10-win32/gcc-arm-none-eabi-10.3-2021.10/bin/../lib/gcc/arm-none-eabi/10.3.1/../../../../arm-none-eabi/lib/thumb/v7e-m+fp/hard\libg.a(lib_a-__atexit.o)
                0x0800d550                __register_exitproc
 .text.__assert_func
                0x0800d5dc       0x40 e:/stm32_clion_toolchain/gcc-arm-none-eabi-10.3-2021.10-win32/gcc-arm-none-eabi-10.3-2021.10/bin/../lib/gcc/arm-none-eabi/10.3.1/../../../../arm-none-eabi/lib/thumb/v7e-m+fp/hard\libg.a(lib_a-assert.o)
                0x0800d5dc                __assert_func
 .text._calloc_r
                0x0800d61c       0x78 e:/stm32_clion_toolchain/gcc-arm-none-eabi-10.3-2021.10-win32/gcc-arm-none-eabi-10.3-2021.10/bin/../lib/gcc/arm-none-eabi/10.3.1/../../../../arm-none-eabi/lib/thumb/v7e-m+fp/hard\libg.a(lib_a-callocr.o)
                0x0800d61c                _calloc_r
 .text.fiprintf
                0x0800d694       0x28 e:/stm32_clion_toolchain/gcc-arm-none-eabi-10.3-2021.10-win32/gcc-arm-none-eabi-10.3-2021.10/bin/../lib/gcc/arm-none-eabi/10.3.1/../../../../arm-none-eabi/lib/thumb/v7e-m+fp/hard\libg.a(lib_a-fiprintf.o)
                0x0800d694                fiprintf
 .text.__locale_mb_cur_max
                0x0800d6bc        0xc e:/stm32_clion_toolchain/gcc-arm-none-eabi-10.3-2021.10-win32/gcc-arm-none-eabi-10.3-2021.10/bin/../lib/gcc/arm-none-eabi/10.3.1/../../../../arm-none-eabi/lib/thumb/v7e-m+fp/hard\libg.a(lib_a-locale.o)
                0x0800d6bc                __locale_mb_cur_max
 .text.__ascii_mbtowc
                0x0800d6c8       0x2c e:/stm32_clion_toolchain/gcc-arm-none-eabi-10.3-2021.10-win32/gcc-arm-none-eabi-10.3-2021.10/bin/../lib/gcc/arm-none-eabi/10.3.1/../../../../arm-none-eabi/lib/thumb/v7e-m+fp/hard\libg.a(lib_a-mbtowc_r.o)
                0x0800d6c8                __ascii_mbtowc
 .text.memmove  0x0800d6f4       0xf8 e:/stm32_clion_toolchain/gcc-arm-none-eabi-10.3-2021.10-win32/gcc-arm-none-eabi-10.3-2021.10/bin/../lib/gcc/arm-none-eabi/10.3.1/../../../../arm-none-eabi/lib/thumb/v7e-m+fp/hard\libg.a(lib_a-memmove.o)
                0x0800d6f4                memmove
 .text._realloc_r
                0x0800d7ec      0x3d8 e:/stm32_clion_toolchain/gcc-arm-none-eabi-10.3-2021.10-win32/gcc-arm-none-eabi-10.3-2021.10/bin/../lib/gcc/arm-none-eabi/10.3.1/../../../../arm-none-eabi/lib/thumb/v7e-m+fp/hard\libg.a(lib_a-reallocr.o)
                0x0800d7ec                _realloc_r
 .text.__sprint_r.part.0
                0x0800dbc4       0x78 e:/stm32_clion_toolchain/gcc-arm-none-eabi-10.3-2021.10-win32/gcc-arm-none-eabi-10.3-2021.10/bin/../lib/gcc/arm-none-eabi/10.3.1/../../../../arm-none-eabi/lib/thumb/v7e-m+fp/hard\libg.a(lib_a-vfiprintf.o)
 .text._vfiprintf_r
                0x0800dc3c      0xdfc e:/stm32_clion_toolchain/gcc-arm-none-eabi-10.3-2021.10-win32/gcc-arm-none-eabi-10.3-2021.10/bin/../lib/gcc/arm-none-eabi/10.3.1/../../../../arm-none-eabi/lib/thumb/v7e-m+fp/hard\libg.a(lib_a-vfiprintf.o)
                0x0800dc3c                _vfiprintf_r
 .text.__sbprintf
                0x0800ea38       0x80 e:/stm32_clion_toolchain/gcc-arm-none-eabi-10.3-2021.10-win32/gcc-arm-none-eabi-10.3-2021.10/bin/../lib/gcc/arm-none-eabi/10.3.1/../../../../arm-none-eabi/lib/thumb/v7e-m+fp/hard\libg.a(lib_a-vfiprintf.o)
 .text.__ascii_wctomb
                0x0800eab8       0x1c e:/stm32_clion_toolchain/gcc-arm-none-eabi-10.3-2021.10-win32/gcc-arm-none-eabi-10.3-2021.10/bin/../lib/gcc/arm-none-eabi/10.3.1/../../../../arm-none-eabi/lib/thumb/v7e-m+fp/hard\libg.a(lib_a-wctomb_r.o)
                0x0800eab8                __ascii_wctomb
 .text.__swsetup_r
                0x0800ead4       0xd4 e:/stm32_clion_toolchain/gcc-arm-none-eabi-10.3-2021.10-win32/gcc-arm-none-eabi-10.3-2021.10/bin/../lib/gcc/arm-none-eabi/10.3.1/../../../../arm-none-eabi/lib/thumb/v7e-m+fp/hard\libg.a(lib_a-wsetup.o)
                0x0800ead4                __swsetup_r
 .text.__sflush_r
                0x0800eba8      0x130 e:/stm32_clion_toolchain/gcc-arm-none-eabi-10.3-2021.10-win32/gcc-arm-none-eabi-10.3-2021.10/bin/../lib/gcc/arm-none-eabi/10.3.1/../../../../arm-none-eabi/lib/thumb/v7e-m+fp/hard\libg.a(lib_a-fflush.o)
                0x0800eba8                __sflush_r
 .text._fflush_r
                0x0800ecd8       0x5c e:/stm32_clion_toolchain/gcc-arm-none-eabi-10.3-2021.10-win32/gcc-arm-none-eabi-10.3-2021.10/bin/../lib/gcc/arm-none-eabi/10.3.1/../../../../arm-none-eabi/lib/thumb/v7e-m+fp/hard\libg.a(lib_a-fflush.o)
                0x0800ecd8                _fflush_r
 .text._cleanup_r
                0x0800ed34        0xc e:/stm32_clion_toolchain/gcc-arm-none-eabi-10.3-2021.10-win32/gcc-arm-none-eabi-10.3-2021.10/bin/../lib/gcc/arm-none-eabi/10.3.1/../../../../arm-none-eabi/lib/thumb/v7e-m+fp/hard\libg.a(lib_a-findfp.o)
                0x0800ed34                _cleanup_r
 .text.__sinit  0x0800ed40      0x10c e:/stm32_clion_toolchain/gcc-arm-none-eabi-10.3-2021.10-win32/gcc-arm-none-eabi-10.3-2021.10/bin/../lib/gcc/arm-none-eabi/10.3.1/../../../../arm-none-eabi/lib/thumb/v7e-m+fp/hard\libg.a(lib_a-findfp.o)
                0x0800ed40                __sinit
 .text.__sfp_lock_acquire
                0x0800ee4c        0xc e:/stm32_clion_toolchain/gcc-arm-none-eabi-10.3-2021.10-win32/gcc-arm-none-eabi-10.3-2021.10/bin/../lib/gcc/arm-none-eabi/10.3.1/../../../../arm-none-eabi/lib/thumb/v7e-m+fp/hard\libg.a(lib_a-findfp.o)
                0x0800ee4c                __sfp_lock_acquire
 .text.__sfp_lock_release
                0x0800ee58        0xc e:/stm32_clion_toolchain/gcc-arm-none-eabi-10.3-2021.10-win32/gcc-arm-none-eabi-10.3-2021.10/bin/../lib/gcc/arm-none-eabi/10.3.1/../../../../arm-none-eabi/lib/thumb/v7e-m+fp/hard\libg.a(lib_a-findfp.o)
                0x0800ee58                __sfp_lock_release
 .text.__fputwc